<html>
<body>
<pre>
<h1>µVision Build Log</h1>
<h2>Tool Versions:</h2>
IDE-Version: £gVision V5.23.0.0
Copyright (C) 2017 ARM Ltd and ARM Germany GmbH. All rights reserved.
License Information: AAA BBB, CCC, LIC=0VR8T-RU9H7-ZC9JY-II9WL-33TTL-NBMC3
 
Tool Versions:
Toolchain:       MDK-ARM Professional  Version: 5.23
Toolchain Path:  C:\Keil_v5\ARM\ARMCC\Bin
C Compiler:      Armcc.exe V5.06 update 4 (build 422)
Assembler:       Armasm.exe V5.06 update 4 (build 422)
Linker/Locator:  ArmLink.exe V5.06 update 4 (build 422)
Library Manager: ArmAr.exe V5.06 update 4 (build 422)
Hex Converter:   FromElf.exe V5.06 update 4 (build 422)
CPU DLL:         SARMCM3.DLL V5.23
Dialog DLL:      DCM.DLL V1.15.0.0
Target DLL:      STLink\ST-LINKIII-KEIL_SWO.dll V2.0.18.0
Dialog DLL:      TCM.DLL V1.27.0.0
 
<h2>Project:</h2>
D:\Dropbox\Mike_Project\@STM32F7_HAL\Projects\STM32F723E-Discovery\Project\01_UART\UART_Printf\MDK-ARM\Project.uvprojx
Project File Date:  06/29/2017

<h2>Output:</h2>
*** Using Compiler 'V5.06 update 4 (build 422)', folder: 'C:\Keil_v5\ARM\ARMCC\Bin'
Rebuild target 'STM32F723E_DISCOVERY'
compiling stm32f7xx_ll_fmc.c...
compiling stm32f7xx_hal_cortex.c...
compiling stm32f7xx_hal_dma_ex.c...
compiling stm32f7xx_hal_dma.c...
compiling stm32f7xx_hal_rcc.c...
compiling stm32f7xx_hal_uart.c...
compiling stm32f7xx_hal_pwr_ex.c...
compiling stm32f7xx_hal_i2c.c...
compiling stm32f7xx_hal_rcc_ex.c...
compiling stm32f7xx_hal_pwr.c...
compiling stm32f7xx_hal.c...
compiling stm32f7xx_hal_i2c_ex.c...
compiling main.c...
compiling stm32f7xx_hal_gpio.c...
compiling stm32f7xx_hal_sram.c...
compiling stm32f7xx_hal_msp.c...
compiling stm32f7xx_it.c...
assembling startup_stm32f723xx.s...
compiling stm32f723e_discovery.c...
compiling system_stm32f7xx.c...
linking...
Program Size: Code=5404 RO-data=548 RW-data=156 ZI-data=1252  
"STM32F723E_DISCOVERY\STM32F723E_DISCOVERY.axf" - 0 Error(s), 0 Warning(s).

<h2>Software Packages used:</h2>

Package Vendor: ARM
                http://www.keil.com/pack/ARM.CMSIS.5.0.1.pack
                ARM::CMSIS:CORE:5.0.1
                CMSIS (Cortex Microcontroller Software Interface Standard)
   * Component: CORE Version: 5.0.1

<h2>Collection of Component include folders:</h2>
  .\RTE\_STM32F723E_DISCOVERY
  C:\Keil_v5\ARM\PACK\ARM\CMSIS\5.0.1\CMSIS\Include
  C:\Keil_v5\ARM\PACK\Keil\STM32F7xx_DFP\2.9.0\Drivers\CMSIS\Device\ST\STM32F7xx\Include

<h2>Collection of Component Files used:</h2>

   * Component: ARM::CMSIS:CORE:5.0.1
Build Time Elapsed:  00:00:57
</pre>
</body>
</html>
