Component: ARM Compiler 5.06 update 4 (build 422) Tool: armlink [4d35d2]

==============================================================================

Section Cross References

    stm32f7xx_hal_cortex.o(i.HAL_NVIC_SetPriority) refers to stm32f7xx_hal_cortex.o(i.__NVIC_SetPriority) for __NVIC_SetPriority
    stm32f7xx_hal_cortex.o(i.HAL_SYSTICK_Config) refers to stm32f7xx_hal_cortex.o(i.__NVIC_SetPriority) for __NVIC_SetPriority
    stm32f7xx_hal_cortex.o(i.HAL_SYSTICK_IRQHandler) refers to stm32f7xx_hal_cortex.o(i.HAL_SYSTICK_Callback) for HAL_SYSTICK_Callback
    stm32f7xx_hal_dma_ex.o(i.HAL_DMAEx_MultiBufferStart) refers to stm32f7xx_hal_dma_ex.o(i.DMA_MultiBufferSetConfig) for DMA_MultiBufferSetConfig
    stm32f7xx_hal_dma_ex.o(i.HAL_DMAEx_MultiBufferStart_IT) refers to stm32f7xx_hal_dma_ex.o(i.DMA_MultiBufferSetConfig) for DMA_MultiBufferSetConfig
    stm32f7xx_ll_fmc.o(i.FMC_NAND_GetECC) refers to stm32f7xx_hal.o(i.HAL_GetTick) for HAL_GetTick
    stm32f7xx_ll_fmc.o(i.FMC_SDRAM_SendCommand) refers to stm32f7xx_hal.o(i.HAL_GetTick) for HAL_GetTick
    stm32f7xx_hal_uart.o(i.HAL_HalfDuplex_Init) refers to stm32f7xx_hal_msp.o(i.HAL_UART_MspInit) for HAL_UART_MspInit
    stm32f7xx_hal_uart.o(i.HAL_HalfDuplex_Init) refers to stm32f7xx_hal_uart.o(i.UART_SetConfig) for UART_SetConfig
    stm32f7xx_hal_uart.o(i.HAL_HalfDuplex_Init) refers to stm32f7xx_hal_uart.o(i.UART_AdvFeatureConfig) for UART_AdvFeatureConfig
    stm32f7xx_hal_uart.o(i.HAL_HalfDuplex_Init) refers to stm32f7xx_hal_uart.o(i.UART_CheckIdleState) for UART_CheckIdleState
    stm32f7xx_hal_uart.o(i.HAL_LIN_Init) refers to stm32f7xx_hal_msp.o(i.HAL_UART_MspInit) for HAL_UART_MspInit
    stm32f7xx_hal_uart.o(i.HAL_LIN_Init) refers to stm32f7xx_hal_uart.o(i.UART_SetConfig) for UART_SetConfig
    stm32f7xx_hal_uart.o(i.HAL_LIN_Init) refers to stm32f7xx_hal_uart.o(i.UART_AdvFeatureConfig) for UART_AdvFeatureConfig
    stm32f7xx_hal_uart.o(i.HAL_LIN_Init) refers to stm32f7xx_hal_uart.o(i.UART_CheckIdleState) for UART_CheckIdleState
    stm32f7xx_hal_uart.o(i.HAL_MultiProcessorEx_AddressLength_Set) refers to stm32f7xx_hal_uart.o(i.UART_CheckIdleState) for UART_CheckIdleState
    stm32f7xx_hal_uart.o(i.HAL_MultiProcessor_DisableMuteMode) refers to stm32f7xx_hal_uart.o(i.UART_CheckIdleState) for UART_CheckIdleState
    stm32f7xx_hal_uart.o(i.HAL_MultiProcessor_EnableMuteMode) refers to stm32f7xx_hal_uart.o(i.UART_CheckIdleState) for UART_CheckIdleState
    stm32f7xx_hal_uart.o(i.HAL_MultiProcessor_Init) refers to stm32f7xx_hal_msp.o(i.HAL_UART_MspInit) for HAL_UART_MspInit
    stm32f7xx_hal_uart.o(i.HAL_MultiProcessor_Init) refers to stm32f7xx_hal_uart.o(i.UART_SetConfig) for UART_SetConfig
    stm32f7xx_hal_uart.o(i.HAL_MultiProcessor_Init) refers to stm32f7xx_hal_uart.o(i.UART_AdvFeatureConfig) for UART_AdvFeatureConfig
    stm32f7xx_hal_uart.o(i.HAL_MultiProcessor_Init) refers to stm32f7xx_hal_uart.o(i.UART_CheckIdleState) for UART_CheckIdleState
    stm32f7xx_hal_uart.o(i.HAL_RS485Ex_Init) refers to stm32f7xx_hal_msp.o(i.HAL_UART_MspInit) for HAL_UART_MspInit
    stm32f7xx_hal_uart.o(i.HAL_RS485Ex_Init) refers to stm32f7xx_hal_uart.o(i.UART_SetConfig) for UART_SetConfig
    stm32f7xx_hal_uart.o(i.HAL_RS485Ex_Init) refers to stm32f7xx_hal_uart.o(i.UART_AdvFeatureConfig) for UART_AdvFeatureConfig
    stm32f7xx_hal_uart.o(i.HAL_RS485Ex_Init) refers to stm32f7xx_hal_uart.o(i.UART_CheckIdleState) for UART_CheckIdleState
    stm32f7xx_hal_uart.o(i.HAL_UART_DMAStop) refers to stm32f7xx_hal_dma.o(i.HAL_DMA_Abort) for HAL_DMA_Abort
    stm32f7xx_hal_uart.o(i.HAL_UART_DMAStop) refers to stm32f7xx_hal_uart.o(i.UART_EndTxTransfer) for UART_EndTxTransfer
    stm32f7xx_hal_uart.o(i.HAL_UART_DMAStop) refers to stm32f7xx_hal_uart.o(i.UART_EndRxTransfer) for UART_EndRxTransfer
    stm32f7xx_hal_uart.o(i.HAL_UART_DeInit) refers to stm32f7xx_hal_msp.o(i.HAL_UART_MspDeInit) for HAL_UART_MspDeInit
    stm32f7xx_hal_uart.o(i.HAL_UART_IRQHandler) refers to stm32f7xx_hal_uart.o(i.UART_Receive_IT) for UART_Receive_IT
    stm32f7xx_hal_uart.o(i.HAL_UART_IRQHandler) refers to stm32f7xx_hal_uart.o(i.UART_EndRxTransfer) for UART_EndRxTransfer
    stm32f7xx_hal_uart.o(i.HAL_UART_IRQHandler) refers to stm32f7xx_hal_dma.o(i.HAL_DMA_Abort_IT) for HAL_DMA_Abort_IT
    stm32f7xx_hal_uart.o(i.HAL_UART_IRQHandler) refers to main.o(i.HAL_UART_ErrorCallback) for HAL_UART_ErrorCallback
    stm32f7xx_hal_uart.o(i.HAL_UART_IRQHandler) refers to stm32f7xx_hal_uart.o(i.HAL_UART_TxCpltCallback) for HAL_UART_TxCpltCallback
    stm32f7xx_hal_uart.o(i.HAL_UART_IRQHandler) refers to stm32f7xx_hal_uart.o(i.UART_DMAAbortOnError) for UART_DMAAbortOnError
    stm32f7xx_hal_uart.o(i.HAL_UART_Init) refers to stm32f7xx_hal_msp.o(i.HAL_UART_MspInit) for HAL_UART_MspInit
    stm32f7xx_hal_uart.o(i.HAL_UART_Init) refers to stm32f7xx_hal_uart.o(i.UART_SetConfig) for UART_SetConfig
    stm32f7xx_hal_uart.o(i.HAL_UART_Init) refers to stm32f7xx_hal_uart.o(i.UART_AdvFeatureConfig) for UART_AdvFeatureConfig
[...]
    stm32f7xx_hal_i2c.o(i.I2C_ITAddrCplt) refers to stm32f7xx_hal_i2c.o(i.I2C_Disable_IRQ) for I2C_Disable_IRQ
    stm32f7xx_hal_i2c.o(i.I2C_ITAddrCplt) refers to stm32f7xx_hal_i2c.o(i.HAL_I2C_AddrCallback) for HAL_I2C_AddrCallback
    stm32f7xx_hal_i2c.o(i.I2C_ITError) refers to stm32f7xx_hal_i2c.o(i.I2C_Disable_IRQ) for I2C_Disable_IRQ
    stm32f7xx_hal_i2c.o(i.I2C_ITError) refers to stm32f7xx_hal_dma.o(i.HAL_DMA_Abort_IT) for HAL_DMA_Abort_IT
    stm32f7xx_hal_i2c.o(i.I2C_ITError) refers to stm32f7xx_hal_i2c.o(i.HAL_I2C_ErrorCallback) for HAL_I2C_ErrorCallback
    stm32f7xx_hal_i2c.o(i.I2C_ITError) refers to stm32f7xx_hal_i2c.o(i.HAL_I2C_AbortCpltCallback) for HAL_I2C_AbortCpltCallback
    stm32f7xx_hal_i2c.o(i.I2C_ITError) refers to stm32f7xx_hal_i2c.o(i.I2C_DMAAbort) for I2C_DMAAbort
    stm32f7xx_hal_i2c.o(i.I2C_ITError) refers to stm32f7xx_hal_i2c.o(i.I2C_Slave_ISR_IT) for I2C_Slave_ISR_IT
    stm32f7xx_hal_i2c.o(i.I2C_ITListenCplt) refers to stm32f7xx_hal_i2c.o(i.I2C_Disable_IRQ) for I2C_Disable_IRQ
    stm32f7xx_hal_i2c.o(i.I2C_ITListenCplt) refers to stm32f7xx_hal_i2c.o(i.HAL_I2C_ListenCpltCallback) for HAL_I2C_ListenCpltCallback
    stm32f7xx_hal_i2c.o(i.I2C_ITMasterCplt) refers to stm32f7xx_hal_i2c.o(i.I2C_Flush_TXDR) for I2C_Flush_TXDR
    stm32f7xx_hal_i2c.o(i.I2C_ITMasterCplt) refers to stm32f7xx_hal_i2c.o(i.I2C_Disable_IRQ) for I2C_Disable_IRQ
    stm32f7xx_hal_i2c.o(i.I2C_ITMasterCplt) refers to stm32f7xx_hal_i2c.o(i.HAL_I2C_MasterRxCpltCallback) for HAL_I2C_MasterRxCpltCallback
    stm32f7xx_hal_i2c.o(i.I2C_ITMasterCplt) refers to stm32f7xx_hal_i2c.o(i.I2C_ITError) for I2C_ITError
    stm32f7xx_hal_i2c.o(i.I2C_ITMasterCplt) refers to stm32f7xx_hal_i2c.o(i.HAL_I2C_MasterTxCpltCallback) for HAL_I2C_MasterTxCpltCallback
    stm32f7xx_hal_i2c.o(i.I2C_ITMasterCplt) refers to stm32f7xx_hal_i2c.o(i.HAL_I2C_MemTxCpltCallback) for HAL_I2C_MemTxCpltCallback
    stm32f7xx_hal_i2c.o(i.I2C_ITMasterCplt) refers to stm32f7xx_hal_i2c.o(i.HAL_I2C_MemRxCpltCallback) for HAL_I2C_MemRxCpltCallback
    stm32f7xx_hal_i2c.o(i.I2C_ITMasterSequentialCplt) refers to stm32f7xx_hal_i2c.o(i.I2C_Disable_IRQ) for I2C_Disable_IRQ
    stm32f7xx_hal_i2c.o(i.I2C_ITMasterSequentialCplt) refers to stm32f7xx_hal_i2c.o(i.HAL_I2C_MasterRxCpltCallback) for HAL_I2C_MasterRxCpltCallback
    stm32f7xx_hal_i2c.o(i.I2C_ITMasterSequentialCplt) refers to stm32f7xx_hal_i2c.o(i.HAL_I2C_MasterTxCpltCallback) for HAL_I2C_MasterTxCpltCallback
    stm32f7xx_hal_i2c.o(i.I2C_ITSlaveCplt) refers to stm32f7xx_hal_i2c.o(i.I2C_Disable_IRQ) for I2C_Disable_IRQ
    stm32f7xx_hal_i2c.o(i.I2C_ITSlaveCplt) refers to stm32f7xx_hal_i2c.o(i.I2C_Flush_TXDR) for I2C_Flush_TXDR
    stm32f7xx_hal_i2c.o(i.I2C_ITSlaveCplt) refers to stm32f7xx_hal_i2c.o(i.I2C_ITError) for I2C_ITError
    stm32f7xx_hal_i2c.o(i.I2C_ITSlaveCplt) refers to stm32f7xx_hal_i2c.o(i.I2C_ITListenCplt) for I2C_ITListenCplt
    stm32f7xx_hal_i2c.o(i.I2C_ITSlaveCplt) refers to stm32f7xx_hal_i2c.o(i.HAL_I2C_ListenCpltCallback) for HAL_I2C_ListenCpltCallback
    stm32f7xx_hal_i2c.o(i.I2C_ITSlaveCplt) refers to stm32f7xx_hal_i2c.o(i.HAL_I2C_SlaveTxCpltCallback) for HAL_I2C_SlaveTxCpltCallback
    stm32f7xx_hal_i2c.o(i.I2C_ITSlaveCplt) refers to stm32f7xx_hal_i2c.o(i.HAL_I2C_SlaveRxCpltCallback) for HAL_I2C_SlaveRxCpltCallback
    stm32f7xx_hal_i2c.o(i.I2C_ITSlaveSequentialCplt) refers to stm32f7xx_hal_i2c.o(i.I2C_Disable_IRQ) for I2C_Disable_IRQ
    stm32f7xx_hal_i2c.o(i.I2C_ITSlaveSequentialCplt) refers to stm32f7xx_hal_i2c.o(i.HAL_I2C_SlaveRxCpltCallback) for HAL_I2C_SlaveRxCpltCallback
    stm32f7xx_hal_i2c.o(i.I2C_ITSlaveSequentialCplt) refers to stm32f7xx_hal_i2c.o(i.HAL_I2C_SlaveTxCpltCallback) for HAL_I2C_SlaveTxCpltCallback
    stm32f7xx_hal_i2c.o(i.I2C_IsAcknowledgeFailed) refers to stm32f7xx_hal.o(i.HAL_GetTick) for HAL_GetTick
    stm32f7xx_hal_i2c.o(i.I2C_IsAcknowledgeFailed) refers to stm32f7xx_hal_i2c.o(i.I2C_Flush_TXDR) for I2C_Flush_TXDR
    stm32f7xx_hal_i2c.o(i.I2C_Master_ISR_DMA) refers to stm32f7xx_hal_i2c.o(i.I2C_Enable_IRQ) for I2C_Enable_IRQ
    stm32f7xx_hal_i2c.o(i.I2C_Master_ISR_DMA) refers to stm32f7xx_hal_i2c.o(i.I2C_Flush_TXDR) for I2C_Flush_TXDR
    stm32f7xx_hal_i2c.o(i.I2C_Master_ISR_DMA) refers to stm32f7xx_hal_i2c.o(i.I2C_TransferConfig) for I2C_TransferConfig
    stm32f7xx_hal_i2c.o(i.I2C_Master_ISR_DMA) refers to stm32f7xx_hal_i2c.o(i.I2C_ITError) for I2C_ITError
    stm32f7xx_hal_i2c.o(i.I2C_Master_ISR_DMA) refers to stm32f7xx_hal_i2c.o(i.I2C_ITMasterCplt) for I2C_ITMasterCplt
    stm32f7xx_hal_i2c.o(i.I2C_Master_ISR_IT) refers to stm32f7xx_hal_i2c.o(i.I2C_Flush_TXDR) for I2C_Flush_TXDR
    stm32f7xx_hal_i2c.o(i.I2C_Master_ISR_IT) refers to stm32f7xx_hal_i2c.o(i.I2C_TransferConfig) for I2C_TransferConfig
    stm32f7xx_hal_i2c.o(i.I2C_Master_ISR_IT) refers to stm32f7xx_hal_i2c.o(i.I2C_ITError) for I2C_ITError
    stm32f7xx_hal_i2c.o(i.I2C_Master_ISR_IT) refers to stm32f7xx_hal_i2c.o(i.I2C_ITMasterCplt) for I2C_ITMasterCplt
    stm32f7xx_hal_i2c.o(i.I2C_Master_ISR_IT) refers to stm32f7xx_hal_i2c.o(i.I2C_ITMasterSequentialCplt) for I2C_ITMasterSequentialCplt
    stm32f7xx_hal_i2c.o(i.I2C_RequestMemoryRead) refers to stm32f7xx_hal_i2c.o(i.I2C_TransferConfig) for I2C_TransferConfig
    stm32f7xx_hal_i2c.o(i.I2C_RequestMemoryRead) refers to stm32f7xx_hal_i2c.o(i.I2C_WaitOnTXISFlagUntilTimeout) for I2C_WaitOnTXISFlagUntilTimeout
    stm32f7xx_hal_i2c.o(i.I2C_RequestMemoryRead) refers to stm32f7xx_hal_i2c.o(i.I2C_WaitOnFlagUntilTimeout) for I2C_WaitOnFlagUntilTimeout
    stm32f7xx_hal_i2c.o(i.I2C_RequestMemoryWrite) refers to stm32f7xx_hal_i2c.o(i.I2C_TransferConfig) for I2C_TransferConfig
    stm32f7xx_hal_i2c.o(i.I2C_RequestMemoryWrite) refers to stm32f7xx_hal_i2c.o(i.I2C_WaitOnTXISFlagUntilTimeout) for I2C_WaitOnTXISFlagUntilTimeout
    stm32f7xx_hal_i2c.o(i.I2C_RequestMemoryWrite) refers to stm32f7xx_hal_i2c.o(i.I2C_WaitOnFlagUntilTimeout) for I2C_WaitOnFlagUntilTimeout
    stm32f7xx_hal_i2c.o(i.I2C_Slave_ISR_DMA) refers to stm32f7xx_hal_i2c.o(i.I2C_ITSlaveCplt) for I2C_ITSlaveCplt
    stm32f7xx_hal_i2c.o(i.I2C_Slave_ISR_IT) refers to stm32f7xx_hal_i2c.o(i.I2C_ITListenCplt) for I2C_ITListenCplt
    stm32f7xx_hal_i2c.o(i.I2C_Slave_ISR_IT) refers to stm32f7xx_hal_i2c.o(i.I2C_Flush_TXDR) for I2C_Flush_TXDR
    stm32f7xx_hal_i2c.o(i.I2C_Slave_ISR_IT) refers to stm32f7xx_hal_i2c.o(i.I2C_ITAddrCplt) for I2C_ITAddrCplt
    stm32f7xx_hal_i2c.o(i.I2C_Slave_ISR_IT) refers to stm32f7xx_hal_i2c.o(i.I2C_ITSlaveSequentialCplt) for I2C_ITSlaveSequentialCplt
    stm32f7xx_hal_i2c.o(i.I2C_Slave_ISR_IT) refers to stm32f7xx_hal_i2c.o(i.I2C_ITSlaveCplt) for I2C_ITSlaveCplt
    stm32f7xx_hal_i2c.o(i.I2C_WaitOnFlagUntilTimeout) refers to stm32f7xx_hal.o(i.HAL_GetTick) for HAL_GetTick
    stm32f7xx_hal_i2c.o(i.I2C_WaitOnRXNEFlagUntilTimeout) refers to stm32f7xx_hal_i2c.o(i.I2C_IsAcknowledgeFailed) for I2C_IsAcknowledgeFailed
    stm32f7xx_hal_i2c.o(i.I2C_WaitOnRXNEFlagUntilTimeout) refers to stm32f7xx_hal.o(i.HAL_GetTick) for HAL_GetTick
    stm32f7xx_hal_i2c.o(i.I2C_WaitOnSTOPFlagUntilTimeout) refers to stm32f7xx_hal_i2c.o(i.I2C_IsAcknowledgeFailed) for I2C_IsAcknowledgeFailed
    stm32f7xx_hal_i2c.o(i.I2C_WaitOnSTOPFlagUntilTimeout) refers to stm32f7xx_hal.o(i.HAL_GetTick) for HAL_GetTick
    stm32f7xx_hal_i2c.o(i.I2C_WaitOnTXISFlagUntilTimeout) refers to stm32f7xx_hal_i2c.o(i.I2C_IsAcknowledgeFailed) for I2C_IsAcknowledgeFailed
    stm32f7xx_hal_i2c.o(i.I2C_WaitOnTXISFlagUntilTimeout) refers to stm32f7xx_hal.o(i.HAL_GetTick) for HAL_GetTick
    stm32f7xx_hal_pwr.o(i.HAL_PWR_PVD_IRQHandler) refers to stm32f7xx_hal_pwr.o(i.HAL_PWR_PVDCallback) for HAL_PWR_PVDCallback
    stm32f7xx_hal.o(i.HAL_DeInit) refers to stm32f7xx_hal.o(i.HAL_MspDeInit) for HAL_MspDeInit
    stm32f7xx_hal.o(i.HAL_Delay) refers to stm32f7xx_hal.o(i.HAL_GetTick) for HAL_GetTick
    stm32f7xx_hal.o(i.HAL_GetTick) refers to stm32f7xx_hal.o(.data) for .data
    stm32f7xx_hal.o(i.HAL_IncTick) refers to stm32f7xx_hal.o(.data) for .data
    stm32f7xx_hal.o(i.HAL_Init) refers to stm32f7xx_hal_cortex.o(i.HAL_NVIC_SetPriorityGrouping) for HAL_NVIC_SetPriorityGrouping
    stm32f7xx_hal.o(i.HAL_Init) refers to stm32f7xx_hal.o(i.HAL_InitTick) for HAL_InitTick
    stm32f7xx_hal.o(i.HAL_Init) refers to stm32f7xx_hal.o(i.HAL_MspInit) for HAL_MspInit
    stm32f7xx_hal.o(i.HAL_InitTick) refers to stm32f7xx_hal_cortex.o(i.HAL_SYSTICK_Config) for HAL_SYSTICK_Config
    stm32f7xx_hal.o(i.HAL_InitTick) refers to stm32f7xx_hal_cortex.o(i.HAL_NVIC_SetPriority) for HAL_NVIC_SetPriority
    stm32f7xx_hal.o(i.HAL_InitTick) refers to system_stm32f7xx.o(.data) for SystemCoreClock
    stm32f7xx_hal_gpio.o(i.HAL_GPIO_EXTI_IRQHandler) refers to main.o(i.HAL_GPIO_EXTI_Callback) for HAL_GPIO_EXTI_Callback
    stm32f7xx_hal_sram.o(i.HAL_SRAM_DeInit) refers to stm32f7xx_hal_sram.o(i.HAL_SRAM_MspDeInit) for HAL_SRAM_MspDeInit
    stm32f7xx_hal_sram.o(i.HAL_SRAM_DeInit) refers to stm32f7xx_ll_fmc.o(i.FMC_NORSRAM_DeInit) for FMC_NORSRAM_DeInit
    stm32f7xx_hal_sram.o(i.HAL_SRAM_Init) refers to stm32f7xx_hal_sram.o(i.HAL_SRAM_MspInit) for HAL_SRAM_MspInit
    stm32f7xx_hal_sram.o(i.HAL_SRAM_Init) refers to stm32f7xx_ll_fmc.o(i.FMC_NORSRAM_Init) for FMC_NORSRAM_Init
    stm32f7xx_hal_sram.o(i.HAL_SRAM_Init) refers to stm32f7xx_ll_fmc.o(i.FMC_NORSRAM_Timing_Init) for FMC_NORSRAM_Timing_Init
    stm32f7xx_hal_sram.o(i.HAL_SRAM_Init) refers to stm32f7xx_ll_fmc.o(i.FMC_NORSRAM_Extended_Timing_Init) for FMC_NORSRAM_Extended_Timing_Init
    stm32f7xx_hal_sram.o(i.HAL_SRAM_Read_DMA) refers to stm32f7xx_hal_dma.o(i.HAL_DMA_Start_IT) for HAL_DMA_Start_IT
    stm32f7xx_hal_sram.o(i.HAL_SRAM_Read_DMA) refers to stm32f7xx_hal_sram.o(i.HAL_SRAM_DMA_XferCpltCallback) for HAL_SRAM_DMA_XferCpltCallback
    stm32f7xx_hal_sram.o(i.HAL_SRAM_Read_DMA) refers to stm32f7xx_hal_sram.o(i.HAL_SRAM_DMA_XferErrorCallback) for HAL_SRAM_DMA_XferErrorCallback
    stm32f7xx_hal_sram.o(i.HAL_SRAM_WriteOperation_Disable) refers to stm32f7xx_ll_fmc.o(i.FMC_NORSRAM_WriteOperation_Disable) for FMC_NORSRAM_WriteOperation_Disable
    stm32f7xx_hal_sram.o(i.HAL_SRAM_WriteOperation_Enable) refers to stm32f7xx_ll_fmc.o(i.FMC_NORSRAM_WriteOperation_Enable) for FMC_NORSRAM_WriteOperation_Enable
    stm32f7xx_hal_sram.o(i.HAL_SRAM_Write_DMA) refers to stm32f7xx_hal_dma.o(i.HAL_DMA_Start_IT) for HAL_DMA_Start_IT
    stm32f7xx_hal_sram.o(i.HAL_SRAM_Write_DMA) refers to stm32f7xx_hal_sram.o(i.HAL_SRAM_DMA_XferCpltCallback) for HAL_SRAM_DMA_XferCpltCallback
    stm32f7xx_hal_sram.o(i.HAL_SRAM_Write_DMA) refers to stm32f7xx_hal_sram.o(i.HAL_SRAM_DMA_XferErrorCallback) for HAL_SRAM_DMA_XferErrorCallback
    main.o(i.Error_Handler) refers to stm32f723e_discovery.o(i.BSP_LED_On) for BSP_LED_On
    main.o(i.Error_Handler) refers to stm32f723e_discovery.o(i.BSP_LED_Toggle) for BSP_LED_Toggle
    main.o(i.Error_Handler) refers to stm32f7xx_hal.o(i.HAL_Delay) for HAL_Delay
    main.o(i.HAL_GPIO_EXTI_Callback) refers to main.o(.data) for .data
    main.o(i.HAL_UART_ErrorCallback) refers to main.o(i.Error_Handler) for Error_Handler
    main.o(i.SystemClock_Config) refers to stm32f7xx_hal_rcc.o(i.HAL_RCC_OscConfig) for HAL_RCC_OscConfig
    main.o(i.SystemClock_Config) refers to stm32f7xx_hal_pwr_ex.o(i.HAL_PWREx_EnableOverDrive) for HAL_PWREx_EnableOverDrive
    main.o(i.SystemClock_Config) refers to stm32f7xx_hal_rcc.o(i.HAL_RCC_ClockConfig) for HAL_RCC_ClockConfig
    main.o(i.main) refers to main.o(i.CPU_CACHE_Enable) for CPU_CACHE_Enable
    main.o(i.main) refers to stm32f7xx_hal.o(i.HAL_Init) for HAL_Init
    main.o(i.main) refers to main.o(i.SystemClock_Config) for SystemClock_Config
    main.o(i.main) refers to stm32f723e_discovery.o(i.BSP_LED_Init) for BSP_LED_Init
    main.o(i.main) refers to stm32f7xx_hal_uart.o(i.HAL_UART_DeInit) for HAL_UART_DeInit
    main.o(i.main) refers to stm32f7xx_hal_uart.o(i.HAL_UART_Init) for HAL_UART_Init
    main.o(i.main) refers to stm32f723e_discovery.o(i.BSP_PB_Init) for BSP_PB_Init
    main.o(i.main) refers to stm32f723e_discovery.o(i.BSP_LED_Toggle) for BSP_LED_Toggle
    main.o(i.main) refers to stm32f7xx_hal.o(i.HAL_Delay) for HAL_Delay
    main.o(i.main) refers to stm32f723e_discovery.o(i.BSP_LED_Off) for BSP_LED_Off
    main.o(i.main) refers to stm32f7xx_hal_uart.o(i.HAL_UART_Transmit) for HAL_UART_Transmit
    main.o(i.main) refers to stm32f723e_discovery.o(i.BSP_LED_On) for BSP_LED_On
    main.o(i.main) refers to stm32f7xx_hal_uart.o(i.HAL_UART_Receive) for HAL_UART_Receive
    main.o(i.main) refers to main.o(i.Error_Handler) for Error_Handler
    main.o(i.main) refers to main.o(.bss) for .bss
    main.o(i.main) refers to main.o(.data) for .data
    stm32f7xx_it.o(i.EXTI0_IRQHandler) refers to stm32f7xx_hal_gpio.o(i.HAL_GPIO_EXTI_IRQHandler) for HAL_GPIO_EXTI_IRQHandler
    stm32f7xx_it.o(i.SysTick_Handler) refers to stm32f7xx_hal.o(i.HAL_IncTick) for HAL_IncTick
    stm32f7xx_hal_msp.o(i.HAL_UART_MspDeInit) refers to stm32f7xx_hal_gpio.o(i.HAL_GPIO_DeInit) for HAL_GPIO_DeInit
    stm32f7xx_hal_msp.o(i.HAL_UART_MspInit) refers to stm32f7xx_hal_gpio.o(i.HAL_GPIO_Init) for HAL_GPIO_Init
    stm32f723e_discovery.o(i.AUDIO_IO_Delay) refers to stm32f7xx_hal.o(i.HAL_Delay) for HAL_Delay
    stm32f723e_discovery.o(i.AUDIO_IO_Init) refers to stm32f723e_discovery.o(i.I2Cx_Init) for I2Cx_Init
    stm32f723e_discovery.o(i.AUDIO_IO_Init) refers to stm32f723e_discovery.o(.bss) for .bss
    stm32f723e_discovery.o(i.AUDIO_IO_Read) refers to stm32f723e_discovery.o(i.I2Cx_ReadMultiple) for I2Cx_ReadMultiple
    stm32f723e_discovery.o(i.AUDIO_IO_Read) refers to stm32f723e_discovery.o(.bss) for .bss
    stm32f723e_discovery.o(i.AUDIO_IO_Write) refers to stm32f723e_discovery.o(i.I2Cx_WriteMultiple) for I2Cx_WriteMultiple
    stm32f723e_discovery.o(i.AUDIO_IO_Write) refers to stm32f723e_discovery.o(.bss) for .bss
    stm32f723e_discovery.o(i.BSP_COM_DeInit) refers to stm32f7xx_hal_uart.o(i.HAL_UART_DeInit) for HAL_UART_DeInit
    stm32f723e_discovery.o(i.BSP_COM_DeInit) refers to stm32f723e_discovery.o(.data) for .data
    stm32f723e_discovery.o(i.BSP_COM_Init) refers to stm32f7xx_hal_gpio.o(i.HAL_GPIO_Init) for HAL_GPIO_Init
    stm32f723e_discovery.o(i.BSP_COM_Init) refers to stm32f7xx_hal_uart.o(i.HAL_UART_Init) for HAL_UART_Init
    stm32f723e_discovery.o(i.BSP_COM_Init) refers to stm32f723e_discovery.o(.constdata) for .constdata
    stm32f723e_discovery.o(i.BSP_COM_Init) refers to stm32f723e_discovery.o(.data) for .data
    stm32f723e_discovery.o(i.BSP_LED_DeInit) refers to stm32f7xx_hal_gpio.o(i.HAL_GPIO_WritePin) for HAL_GPIO_WritePin
    stm32f723e_discovery.o(i.BSP_LED_DeInit) refers to stm32f7xx_hal_gpio.o(i.HAL_GPIO_DeInit) for HAL_GPIO_DeInit
    stm32f723e_discovery.o(i.BSP_LED_DeInit) refers to stm32f723e_discovery.o(.data) for .data
    stm32f723e_discovery.o(i.BSP_LED_Init) refers to stm32f7xx_hal_gpio.o(i.HAL_GPIO_Init) for HAL_GPIO_Init
    stm32f723e_discovery.o(i.BSP_LED_Init) refers to stm32f723e_discovery.o(.data) for .data
    stm32f723e_discovery.o(i.BSP_LED_Off) refers to stm32f7xx_hal_gpio.o(i.HAL_GPIO_WritePin) for HAL_GPIO_WritePin
    stm32f723e_discovery.o(i.BSP_LED_Off) refers to stm32f723e_discovery.o(.data) for .data
    stm32f723e_discovery.o(i.BSP_LED_On) refers to stm32f7xx_hal_gpio.o(i.HAL_GPIO_WritePin) for HAL_GPIO_WritePin
    stm32f723e_discovery.o(i.BSP_LED_On) refers to stm32f723e_discovery.o(.data) for .data
    stm32f723e_discovery.o(i.BSP_LED_Toggle) refers to stm32f7xx_hal_gpio.o(i.HAL_GPIO_TogglePin) for HAL_GPIO_TogglePin
    stm32f723e_discovery.o(i.BSP_LED_Toggle) refers to stm32f723e_discovery.o(.data) for .data
    stm32f723e_discovery.o(i.BSP_PB_DeInit) refers to stm32f7xx_hal_cortex.o(i.HAL_NVIC_DisableIRQ) for HAL_NVIC_DisableIRQ
    stm32f723e_discovery.o(i.BSP_PB_DeInit) refers to stm32f7xx_hal_gpio.o(i.HAL_GPIO_DeInit) for HAL_GPIO_DeInit
    stm32f723e_discovery.o(i.BSP_PB_DeInit) refers to stm32f723e_discovery.o(.constdata) for .constdata
    stm32f723e_discovery.o(i.BSP_PB_DeInit) refers to stm32f723e_discovery.o(.data) for .data
    stm32f723e_discovery.o(i.BSP_PB_GetState) refers to stm32f7xx_hal_gpio.o(i.HAL_GPIO_ReadPin) for HAL_GPIO_ReadPin
    stm32f723e_discovery.o(i.BSP_PB_GetState) refers to stm32f723e_discovery.o(.constdata) for .constdata
    stm32f723e_discovery.o(i.BSP_PB_GetState) refers to stm32f723e_discovery.o(.data) for .data
    stm32f723e_discovery.o(i.BSP_PB_Init) refers to stm32f7xx_hal_gpio.o(i.HAL_GPIO_Init) for HAL_GPIO_Init
    stm32f723e_discovery.o(i.BSP_PB_Init) refers to stm32f7xx_hal_cortex.o(i.HAL_NVIC_SetPriority) for HAL_NVIC_SetPriority
    stm32f723e_discovery.o(i.BSP_PB_Init) refers to stm32f7xx_hal_cortex.o(i.HAL_NVIC_EnableIRQ) for HAL_NVIC_EnableIRQ
    stm32f723e_discovery.o(i.BSP_PB_Init) refers to stm32f723e_discovery.o(.constdata) for .constdata
    stm32f723e_discovery.o(i.BSP_PB_Init) refers to stm32f723e_discovery.o(.data) for .data
    stm32f723e_discovery.o(i.FMC_BANK2_Init) refers to stm32f723e_discovery.o(i.FMC_BANK2_MspInit) for FMC_BANK2_MspInit
    stm32f723e_discovery.o(i.FMC_BANK2_Init) refers to stm32f7xx_hal_sram.o(i.HAL_SRAM_Init) for HAL_SRAM_Init
    stm32f723e_discovery.o(i.FMC_BANK2_MspInit) refers to stm32f7xx_hal_gpio.o(i.HAL_GPIO_Init) for HAL_GPIO_Init
    stm32f723e_discovery.o(i.I2Cx_Error) refers to stm32f7xx_hal_i2c.o(i.HAL_I2C_DeInit) for HAL_I2C_DeInit
    stm32f723e_discovery.o(i.I2Cx_Error) refers to stm32f723e_discovery.o(i.I2Cx_Init) for I2Cx_Init
    stm32f723e_discovery.o(i.I2Cx_Init) refers to stm32f7xx_hal_i2c.o(i.HAL_I2C_GetState) for HAL_I2C_GetState
    stm32f723e_discovery.o(i.I2Cx_Init) refers to stm32f723e_discovery.o(i.I2Cx_MspInit) for I2Cx_MspInit
    stm32f723e_discovery.o(i.I2Cx_Init) refers to stm32f7xx_hal_i2c.o(i.HAL_I2C_Init) for HAL_I2C_Init
    stm32f723e_discovery.o(i.I2Cx_Init) refers to stm32f723e_discovery.o(.bss) for .bss
    stm32f723e_discovery.o(i.I2Cx_MspInit) refers to stm32f7xx_hal_gpio.o(i.HAL_GPIO_Init) for HAL_GPIO_Init
    stm32f723e_discovery.o(i.I2Cx_MspInit) refers to stm32f7xx_hal_cortex.o(i.HAL_NVIC_SetPriority) for HAL_NVIC_SetPriority
    stm32f723e_discovery.o(i.I2Cx_MspInit) refers to stm32f7xx_hal_cortex.o(i.HAL_NVIC_EnableIRQ) for HAL_NVIC_EnableIRQ
    stm32f723e_discovery.o(i.I2Cx_MspInit) refers to stm32f723e_discovery.o(.bss) for .bss
    stm32f723e_discovery.o(i.I2Cx_ReadMultiple) refers to stm32f7xx_hal_i2c.o(i.HAL_I2C_Mem_Read) for HAL_I2C_Mem_Read
    stm32f723e_discovery.o(i.I2Cx_ReadMultiple) refers to stm32f723e_discovery.o(i.I2Cx_Error) for I2Cx_Error
    stm32f723e_discovery.o(i.I2Cx_WriteMultiple) refers to stm32f7xx_hal_i2c.o(i.HAL_I2C_Mem_Write) for HAL_I2C_Mem_Write
    stm32f723e_discovery.o(i.I2Cx_WriteMultiple) refers to stm32f723e_discovery.o(i.I2Cx_Error) for I2Cx_Error
    stm32f723e_discovery.o(i.LCD_IO_Delay) refers to stm32f7xx_hal.o(i.HAL_Delay) for HAL_Delay
    stm32f723e_discovery.o(i.LCD_IO_Init) refers to stm32f723e_discovery.o(i.FMC_BANK2_Init) for FMC_BANK2_Init
    stm32f723e_discovery.o(i.LCD_IO_WriteData) refers to stm32f723e_discovery.o(i.FMC_BANK2_WriteData) for FMC_BANK2_WriteData
    stm32f723e_discovery.o(i.LCD_IO_WriteMultipleData) refers to stm32f723e_discovery.o(i.FMC_BANK2_WriteData) for FMC_BANK2_WriteData
    stm32f723e_discovery.o(i.TS_IO_Delay) refers to stm32f7xx_hal.o(i.HAL_Delay) for HAL_Delay
    stm32f723e_discovery.o(i.TS_IO_Init) refers to stm32f7xx_hal_gpio.o(i.HAL_GPIO_Init) for HAL_GPIO_Init
    stm32f723e_discovery.o(i.TS_IO_Init) refers to stm32f7xx_hal_gpio.o(i.HAL_GPIO_WritePin) for HAL_GPIO_WritePin
    stm32f723e_discovery.o(i.TS_IO_Init) refers to stm32f723e_discovery.o(i.I2Cx_Init) for I2Cx_Init
    stm32f723e_discovery.o(i.TS_IO_Init) refers to stm32f723e_discovery.o(.bss) for .bss
    stm32f723e_discovery.o(i.TS_IO_Read) refers to stm32f723e_discovery.o(i.I2Cx_ReadMultiple) for I2Cx_ReadMultiple
    stm32f723e_discovery.o(i.TS_IO_Read) refers to stm32f723e_discovery.o(.bss) for .bss
    stm32f723e_discovery.o(i.TS_IO_ReadMultiple) refers to stm32f723e_discovery.o(i.I2Cx_ReadMultiple) for I2Cx_ReadMultiple
    stm32f723e_discovery.o(i.TS_IO_ReadMultiple) refers to stm32f723e_discovery.o(.bss) for .bss
    stm32f723e_discovery.o(i.TS_IO_Write) refers to stm32f723e_discovery.o(i.I2Cx_WriteMultiple) for I2Cx_WriteMultiple
    stm32f723e_discovery.o(i.TS_IO_Write) refers to stm32f723e_discovery.o(.bss) for .bss
    stm32f723e_discovery.o(i.TS_IO_WriteMultiple) refers to stm32f723e_discovery.o(i.I2Cx_WriteMultiple) for I2Cx_WriteMultiple
    stm32f723e_discovery.o(i.TS_IO_WriteMultiple) refers to stm32f723e_discovery.o(.bss) for .bss
    startup_stm32f723xx.o(RESET) refers to startup_stm32f723xx.o(STACK) for __initial_sp
    startup_stm32f723xx.o(RESET) refers to startup_stm32f723xx.o(.text) for Reset_Handler
    startup_stm32f723xx.o(RESET) refers to stm32f7xx_it.o(i.NMI_Handler) for NMI_Handler
    startup_stm32f723xx.o(RESET) refers to stm32f7xx_it.o(i.HardFault_Handler) for HardFault_Handler
    startup_stm32f723xx.o(RESET) refers to stm32f7xx_it.o(i.MemManage_Handler) for MemManage_Handler
    startup_stm32f723xx.o(RESET) refers to stm32f7xx_it.o(i.BusFault_Handler) for BusFault_Handler
    startup_stm32f723xx.o(RESET) refers to stm32f7xx_it.o(i.UsageFault_Handler) for UsageFault_Handler
    startup_stm32f723xx.o(RESET) refers to stm32f7xx_it.o(i.SVC_Handler) for SVC_Handler
    startup_stm32f723xx.o(RESET) refers to stm32f7xx_it.o(i.DebugMon_Handler) for DebugMon_Handler
    startup_stm32f723xx.o(RESET) refers to stm32f7xx_it.o(i.PendSV_Handler) for PendSV_Handler
    startup_stm32f723xx.o(RESET) refers to stm32f7xx_it.o(i.SysTick_Handler) for SysTick_Handler
    startup_stm32f723xx.o(RESET) refers to stm32f7xx_it.o(i.EXTI0_IRQHandler) for EXTI0_IRQHandler
    startup_stm32f723xx.o(.text) refers to system_stm32f7xx.o(i.SystemInit) for SystemInit
    startup_stm32f723xx.o(.text) refers to entry.o(.ARM.Collect$$$$00000000) for __main
    system_stm32f7xx.o(i.SystemCoreClockUpdate) refers to system_stm32f7xx.o(.data) for .data
    system_stm32f7xx.o(i.SystemCoreClockUpdate) refers to system_stm32f7xx.o(.constdata) for .constdata
    entry.o(.ARM.Collect$$$$00000000) refers (Special) to entry10a.o(.ARM.Collect$$$$0000000D) for __rt_final_cpp
    entry.o(.ARM.Collect$$$$00000000) refers (Special) to entry11a.o(.ARM.Collect$$$$0000000F) for __rt_final_exit
    entry.o(.ARM.Collect$$$$00000000) refers (Special) to entry7b.o(.ARM.Collect$$$$00000008) for _main_clock
    entry.o(.ARM.Collect$$$$00000000) refers (Special) to entry8b.o(.ARM.Collect$$$$0000000A) for _main_cpp_init
    entry.o(.ARM.Collect$$$$00000000) refers (Special) to entry9a.o(.ARM.Collect$$$$0000000B) for _main_init
    entry.o(.ARM.Collect$$$$00000000) refers (Special) to entry5.o(.ARM.Collect$$$$00000004) for _main_scatterload
    entry.o(.ARM.Collect$$$$00000000) refers (Special) to entry2.o(.ARM.Collect$$$$00000001) for _main_stk
    entry2.o(.ARM.Collect$$$$00000001) refers to entry2.o(.ARM.Collect$$$$00002712) for __lit__00000000
    entry2.o(.ARM.Collect$$$$00002712) refers to startup_stm32f723xx.o(STACK) for __initial_sp
    entry2.o(__vectab_stack_and_reset_area) refers to startup_stm32f723xx.o(STACK) for __initial_sp
    entry2.o(__vectab_stack_and_reset_area) refers to entry.o(.ARM.Collect$$$$00000000) for __main
    entry5.o(.ARM.Collect$$$$00000004) refers to init.o(.text) for __scatterload
    entry9a.o(.ARM.Collect$$$$0000000B) refers to main.o(i.main) for main
    entry9b.o(.ARM.Collect$$$$0000000C) refers to main.o(i.main) for main
    init.o(.text) refers to entry5.o(.ARM.Collect$$$$00000004) for __main_after_scatterload


==============================================================================

Removing Unused input sections from the image.

    Removing stm32f7xx_hal_cortex.o(.rev16_text), (4 bytes).
    Removing stm32f7xx_hal_cortex.o(.revsh_text), (4 bytes).
    Removing stm32f7xx_hal_cortex.o(.rrx_text), (6 bytes).
    Removing stm32f7xx_hal_cortex.o(i.HAL_MPU_ConfigRegion), (92 bytes).
    Removing stm32f7xx_hal_cortex.o(i.HAL_MPU_Disable), (28 bytes).
    Removing stm32f7xx_hal_cortex.o(i.HAL_MPU_Enable), (36 bytes).
    Removing stm32f7xx_hal_cortex.o(i.HAL_NVIC_ClearPendingIRQ), (26 bytes).
    Removing stm32f7xx_hal_cortex.o(i.HAL_NVIC_DisableIRQ), (34 bytes).
    Removing stm32f7xx_hal_cortex.o(i.HAL_NVIC_GetActive), (36 bytes).
    Removing stm32f7xx_hal_cortex.o(i.HAL_NVIC_GetPendingIRQ), (36 bytes).
    Removing stm32f7xx_hal_cortex.o(i.HAL_NVIC_GetPriority), (82 bytes).
    Removing stm32f7xx_hal_cortex.o(i.HAL_NVIC_GetPriorityGrouping), (16 bytes).
    Removing stm32f7xx_hal_cortex.o(i.HAL_NVIC_SetPendingIRQ), (26 bytes).
    Removing stm32f7xx_hal_cortex.o(i.HAL_NVIC_SystemReset), (36 bytes).
    Removing stm32f7xx_hal_cortex.o(i.HAL_SYSTICK_CLKSourceConfig), (24 bytes).
    Removing stm32f7xx_hal_cortex.o(i.HAL_SYSTICK_Callback), (2 bytes).
    Removing stm32f7xx_hal_cortex.o(i.HAL_SYSTICK_IRQHandler), (8 bytes).
    Removing stm32f7xx_hal_dma_ex.o(.rev16_text), (4 bytes).
    Removing stm32f7xx_hal_dma_ex.o(.revsh_text), (4 bytes).
    Removing stm32f7xx_hal_dma_ex.o(.rrx_text), (6 bytes).
    Removing stm32f7xx_hal_dma_ex.o(i.DMA_MultiBufferSetConfig), (30 bytes).
    Removing stm32f7xx_hal_dma_ex.o(i.HAL_DMAEx_ChangeMemory), (14 bytes).
    Removing stm32f7xx_hal_dma_ex.o(i.HAL_DMAEx_MultiBufferStart), (100 bytes).
    Removing stm32f7xx_hal_dma_ex.o(i.HAL_DMAEx_MultiBufferStart_IT), (2448 bytes).
    Removing stm32f7xx_ll_fmc.o(.rev16_text), (4 bytes).
    Removing stm32f7xx_ll_fmc.o(.revsh_text), (4 bytes).
    Removing stm32f7xx_ll_fmc.o(.rrx_text), (6 bytes).
    Removing stm32f7xx_ll_fmc.o(i.FMC_NAND_AttributeSpace_Timing_Init), (30 bytes).
    Removing stm32f7xx_ll_fmc.o(i.FMC_NAND_CommonSpace_Timing_Init), (30 bytes).
    Removing stm32f7xx_ll_fmc.o(i.FMC_NAND_DeInit), (30 bytes).
    Removing stm32f7xx_ll_fmc.o(i.FMC_NAND_ECC_Disable), (12 bytes).
    Removing stm32f7xx_ll_fmc.o(i.FMC_NAND_ECC_Enable), (12 bytes).
    Removing stm32f7xx_ll_fmc.o(i.FMC_NAND_GetECC), (56 bytes).
    Removing stm32f7xx_ll_fmc.o(i.FMC_NAND_Init), (52 bytes).
    Removing stm32f7xx_ll_fmc.o(i.FMC_NORSRAM_DeInit), (50 bytes).
    Removing stm32f7xx_ll_fmc.o(i.FMC_NORSRAM_Extended_Timing_Init), (64 bytes).
    Removing stm32f7xx_ll_fmc.o(i.FMC_NORSRAM_Init), (156 bytes).
    Removing stm32f7xx_ll_fmc.o(i.FMC_NORSRAM_Timing_Init), (100 bytes).
    Removing stm32f7xx_ll_fmc.o(i.FMC_NORSRAM_WriteOperation_Disable), (16 bytes).
    Removing stm32f7xx_ll_fmc.o(i.FMC_NORSRAM_WriteOperation_Enable), (16 bytes).
    Removing stm32f7xx_ll_fmc.o(i.FMC_SDRAM_DeInit), (32 bytes).
    Removing stm32f7xx_ll_fmc.o(i.FMC_SDRAM_GetModeStatus), (18 bytes).
    Removing stm32f7xx_ll_fmc.o(i.FMC_SDRAM_Init), (94 bytes).
    Removing stm32f7xx_ll_fmc.o(i.FMC_SDRAM_ProgramRefreshRate), (12 bytes).
    Removing stm32f7xx_ll_fmc.o(i.FMC_SDRAM_SendCommand), (72 bytes).
    Removing stm32f7xx_ll_fmc.o(i.FMC_SDRAM_SetAutoRefreshNumber), (12 bytes).
    Removing stm32f7xx_ll_fmc.o(i.FMC_SDRAM_Timing_Init), (140 bytes).
    Removing stm32f7xx_ll_fmc.o(i.FMC_SDRAM_WriteProtection_Disable), (16 bytes).
    Removing stm32f7xx_ll_fmc.o(i.FMC_SDRAM_WriteProtection_Enable), (16 bytes).
    Removing stm32f7xx_hal_uart.o(.rev16_text), (4 bytes).
    Removing stm32f7xx_hal_uart.o(.revsh_text), (4 bytes).
    Removing stm32f7xx_hal_uart.o(.rrx_text), (6 bytes).
    Removing stm32f7xx_hal_uart.o(i.HAL_HalfDuplex_EnableReceiver), (62 bytes).
    Removing stm32f7xx_hal_uart.o(i.HAL_HalfDuplex_EnableTransmitter), (62 bytes).
    Removing stm32f7xx_hal_uart.o(i.HAL_HalfDuplex_Init), (116 bytes).
    Removing stm32f7xx_hal_uart.o(i.HAL_LIN_Init), (130 bytes).
    Removing stm32f7xx_hal_uart.o(i.HAL_LIN_SendBreak), (50 bytes).
    Removing stm32f7xx_hal_uart.o(i.HAL_MultiProcessorEx_AddressLength_Set), (48 bytes).
    Removing stm32f7xx_hal_uart.o(i.HAL_MultiProcessor_DisableMuteMode), (44 bytes).
    Removing stm32f7xx_hal_uart.o(i.HAL_MultiProcessor_EnableMuteMode), (44 bytes).
    Removing stm32f7xx_hal_uart.o(i.HAL_MultiProcessor_EnterMuteMode), (12 bytes).
    Removing stm32f7xx_hal_uart.o(i.HAL_MultiProcessor_Init), (138 bytes).
    Removing stm32f7xx_hal_uart.o(i.HAL_RS485Ex_Init), (140 bytes).
    Removing stm32f7xx_hal_uart.o(i.HAL_UART_DMAPause), (98 bytes).
    Removing stm32f7xx_hal_uart.o(i.HAL_UART_DMAResume), (102 bytes).
    Removing stm32f7xx_hal_uart.o(i.HAL_UART_DMAStop), (84 bytes).
    Removing stm32f7xx_hal_uart.o(i.HAL_UART_ErrorCallback), (2 bytes).
    Removing stm32f7xx_hal_uart.o(i.HAL_UART_GetError), (4 bytes).
    Removing stm32f7xx_hal_uart.o(i.HAL_UART_GetState), (12 bytes).
    Removing stm32f7xx_hal_uart.o(i.HAL_UART_IRQHandler), (376 bytes).
    Removing stm32f7xx_hal_uart.o(i.HAL_UART_MspDeInit), (2 bytes).
    Removing stm32f7xx_hal_uart.o(i.HAL_UART_MspInit), (2 bytes).
    Removing stm32f7xx_hal_uart.o(i.HAL_UART_Receive_DMA), (148 bytes).
    Removing stm32f7xx_hal_uart.o(i.HAL_UART_Receive_IT), (142 bytes).
    Removing stm32f7xx_hal_uart.o(i.HAL_UART_RxCpltCallback), (2 bytes).
    Removing stm32f7xx_hal_uart.o(i.HAL_UART_RxHalfCpltCallback), (2 bytes).
    Removing stm32f7xx_hal_uart.o(i.HAL_UART_Transmit_DMA), (140 bytes).
    Removing stm32f7xx_hal_uart.o(i.HAL_UART_Transmit_IT), (66 bytes).
    Removing stm32f7xx_hal_uart.o(i.HAL_UART_TxCpltCallback), (2 bytes).
    Removing stm32f7xx_hal_uart.o(i.HAL_UART_TxHalfCpltCallback), (2 bytes).
    Removing stm32f7xx_hal_uart.o(i.UART_DMAAbortOnError), (20 bytes).
    Removing stm32f7xx_hal_uart.o(i.UART_DMAError), (74 bytes).
    Removing stm32f7xx_hal_uart.o(i.UART_DMAReceiveCplt), (60 bytes).
    Removing stm32f7xx_hal_uart.o(i.UART_DMARxHalfCplt), (10 bytes).
    Removing stm32f7xx_hal_uart.o(i.UART_DMATransmitCplt), (46 bytes).
    Removing stm32f7xx_hal_uart.o(i.UART_DMATxHalfCplt), (10 bytes).
    Removing stm32f7xx_hal_uart.o(i.UART_EndRxTransfer), (28 bytes).
    Removing stm32f7xx_hal_uart.o(i.UART_EndTxTransfer), (18 bytes).
    Removing stm32f7xx_hal_uart.o(i.UART_Receive_IT), (120 bytes).
    Removing stm32f7xx_hal_rcc.o(.rev16_text), (4 bytes).
    Removing stm32f7xx_hal_rcc.o(.revsh_text), (4 bytes).
    Removing stm32f7xx_hal_rcc.o(.rrx_text), (6 bytes).
    Removing stm32f7xx_hal_rcc.o(i.HAL_RCC_CSSCallback), (2 bytes).
    Removing stm32f7xx_hal_rcc.o(i.HAL_RCC_DeInit), (100 bytes).
    Removing stm32f7xx_hal_rcc.o(i.HAL_RCC_DisableCSS), (16 bytes).
    Removing stm32f7xx_hal_rcc.o(i.HAL_RCC_EnableCSS), (16 bytes).
    Removing stm32f7xx_hal_rcc.o(i.HAL_RCC_GetClockConfig), (64 bytes).
    Removing stm32f7xx_hal_rcc.o(i.HAL_RCC_GetHCLKFreq), (12 bytes).
    Removing stm32f7xx_hal_rcc.o(i.HAL_RCC_GetOscConfig), (228 bytes).
    Removing stm32f7xx_hal_rcc.o(i.HAL_RCC_MCOConfig), (148 bytes).
    Removing stm32f7xx_hal_rcc.o(i.HAL_RCC_NMI_IRQHandler), (28 bytes).
    Removing stm32f7xx_hal_dma.o(.rev16_text), (4 bytes).
    Removing stm32f7xx_hal_dma.o(.revsh_text), (4 bytes).
    Removing stm32f7xx_hal_dma.o(.rrx_text), (6 bytes).
    Removing stm32f7xx_hal_dma.o(i.DMA_CalcBaseAndBitshift), (40 bytes).
    Removing stm32f7xx_hal_dma.o(i.DMA_CheckFifoParam), (84 bytes).
    Removing stm32f7xx_hal_dma.o(i.DMA_SetConfig), (40 bytes).
    Removing stm32f7xx_hal_dma.o(i.HAL_DMA_Abort), (146 bytes).
    Removing stm32f7xx_hal_dma.o(i.HAL_DMA_Abort_IT), (36 bytes).
    Removing stm32f7xx_hal_dma.o(i.HAL_DMA_DeInit), (86 bytes).
    Removing stm32f7xx_hal_dma.o(i.HAL_DMA_GetError), (4 bytes).
    Removing stm32f7xx_hal_dma.o(i.HAL_DMA_GetState), (6 bytes).
    Removing stm32f7xx_hal_dma.o(i.HAL_DMA_IRQHandler), (424 bytes).
    Removing stm32f7xx_hal_dma.o(i.HAL_DMA_Init), (228 bytes).
    Removing stm32f7xx_hal_dma.o(i.HAL_DMA_PollForTransfer), (300 bytes).
    Removing stm32f7xx_hal_dma.o(i.HAL_DMA_RegisterCallback), (80 bytes).
    Removing stm32f7xx_hal_dma.o(i.HAL_DMA_Start), (74 bytes).
    Removing stm32f7xx_hal_dma.o(i.HAL_DMA_Start_IT), (122 bytes).
    Removing stm32f7xx_hal_dma.o(i.HAL_DMA_UnRegisterCallback), (96 bytes).
    Removing stm32f7xx_hal_dma.o(.constdata), (8 bytes).
    Removing stm32f7xx_hal_pwr_ex.o(.rev16_text), (4 bytes).
    Removing stm32f7xx_hal_pwr_ex.o(.revsh_text), (4 bytes).
    Removing stm32f7xx_hal_pwr_ex.o(.rrx_text), (6 bytes).
    Removing stm32f7xx_hal_pwr_ex.o(i.HAL_PWREx_ControlVoltageScaling), (176 bytes).
    Removing stm32f7xx_hal_pwr_ex.o(i.HAL_PWREx_DisableBkUpReg), (64 bytes).
    Removing stm32f7xx_hal_pwr_ex.o(i.HAL_PWREx_DisableFlashPowerDown), (16 bytes).
    Removing stm32f7xx_hal_pwr_ex.o(i.HAL_PWREx_DisableLowRegulatorLowVoltage), (16 bytes).
    Removing stm32f7xx_hal_pwr_ex.o(i.HAL_PWREx_DisableMainRegulatorLowVoltage), (16 bytes).
    Removing stm32f7xx_hal_pwr_ex.o(i.HAL_PWREx_DisableOverDrive), (108 bytes).
    Removing stm32f7xx_hal_pwr_ex.o(i.HAL_PWREx_EnableBkUpReg), (64 bytes).
    Removing stm32f7xx_hal_pwr_ex.o(i.HAL_PWREx_EnableFlashPowerDown), (16 bytes).
    Removing stm32f7xx_hal_pwr_ex.o(i.HAL_PWREx_EnableLowRegulatorLowVoltage), (16 bytes).
    Removing stm32f7xx_hal_pwr_ex.o(i.HAL_PWREx_EnableMainRegulatorLowVoltage), (16 bytes).
    Removing stm32f7xx_hal_pwr_ex.o(i.HAL_PWREx_EnterUnderDriveSTOPMode), (144 bytes).
    Removing stm32f7xx_hal_pwr_ex.o(i.HAL_PWREx_GetVoltageRange), (16 bytes).
    Removing stm32f7xx_hal_rcc_ex.o(.rev16_text), (4 bytes).
    Removing stm32f7xx_hal_rcc_ex.o(.revsh_text), (4 bytes).
    Removing stm32f7xx_hal_rcc_ex.o(.rrx_text), (6 bytes).
    Removing stm32f7xx_hal_rcc_ex.o(i.HAL_RCCEx_GetPeriphCLKConfig), (372 bytes).
    Removing stm32f7xx_hal_rcc_ex.o(i.HAL_RCCEx_GetPeriphCLKFreq), (288 bytes).
    Removing stm32f7xx_hal_rcc_ex.o(i.HAL_RCCEx_PeriphCLKConfig), (1328 bytes).
    Removing stm32f7xx_hal_i2c.o(.rev16_text), (4 bytes).
    Removing stm32f7xx_hal_i2c.o(.revsh_text), (4 bytes).
    Removing stm32f7xx_hal_i2c.o(.rrx_text), (6 bytes).
    Removing stm32f7xx_hal_i2c.o(i.HAL_I2C_AbortCpltCallback), (2 bytes).
    Removing stm32f7xx_hal_i2c.o(i.HAL_I2C_AddrCallback), (2 bytes).
    Removing stm32f7xx_hal_i2c.o(i.HAL_I2C_DeInit), (52 bytes).
    Removing stm32f7xx_hal_i2c.o(i.HAL_I2C_DisableListen_IT), (54 bytes).
    Removing stm32f7xx_hal_i2c.o(i.HAL_I2C_ER_IRQHandler), (98 bytes).
    Removing stm32f7xx_hal_i2c.o(i.HAL_I2C_EV_IRQHandler), (16 bytes).
    Removing stm32f7xx_hal_i2c.o(i.HAL_I2C_EnableListen_IT), (40 bytes).
    Removing stm32f7xx_hal_i2c.o(i.HAL_I2C_ErrorCallback), (2 bytes).
    Removing stm32f7xx_hal_i2c.o(i.HAL_I2C_GetError), (4 bytes).
    Removing stm32f7xx_hal_i2c.o(i.HAL_I2C_GetMode), (6 bytes).
    Removing stm32f7xx_hal_i2c.o(i.HAL_I2C_GetState), (6 bytes).
    Removing stm32f7xx_hal_i2c.o(i.HAL_I2C_Init), (184 bytes).
    Removing stm32f7xx_hal_i2c.o(i.HAL_I2C_IsDeviceReady), (288 bytes).
    Removing stm32f7xx_hal_i2c.o(i.HAL_I2C_ListenCpltCallback), (2 bytes).
    Removing stm32f7xx_hal_i2c.o(i.HAL_I2C_MasterRxCpltCallback), (2 bytes).
    Removing stm32f7xx_hal_i2c.o(i.HAL_I2C_MasterTxCpltCallback), (2 bytes).
    Removing stm32f7xx_hal_i2c.o(i.HAL_I2C_Master_Abort_IT), (94 bytes).
    Removing stm32f7xx_hal_i2c.o(i.HAL_I2C_Master_Receive), (304 bytes).
    Removing stm32f7xx_hal_i2c.o(i.HAL_I2C_Master_Receive_DMA), (244 bytes).
    Removing stm32f7xx_hal_i2c.o(i.HAL_I2C_Master_Receive_IT), (128 bytes).
    Removing stm32f7xx_hal_i2c.o(i.HAL_I2C_Master_Sequential_Receive_IT), (124 bytes).
    Removing stm32f7xx_hal_i2c.o(i.HAL_I2C_Master_Sequential_Transmit_IT), (124 bytes).
    Removing stm32f7xx_hal_i2c.o(i.HAL_I2C_Master_Transmit), (296 bytes).
    Removing stm32f7xx_hal_i2c.o(i.HAL_I2C_Master_Transmit_DMA), (248 bytes).
    Removing stm32f7xx_hal_i2c.o(i.HAL_I2C_Master_Transmit_IT), (128 bytes).
    Removing stm32f7xx_hal_i2c.o(i.HAL_I2C_MemRxCpltCallback), (2 bytes).
    Removing stm32f7xx_hal_i2c.o(i.HAL_I2C_MemTxCpltCallback), (2 bytes).
    Removing stm32f7xx_hal_i2c.o(i.HAL_I2C_Mem_Read), (364 bytes).
    Removing stm32f7xx_hal_i2c.o(i.HAL_I2C_Mem_Read_DMA), (256 bytes).
    Removing stm32f7xx_hal_i2c.o(i.HAL_I2C_Mem_Read_IT), (196 bytes).
    Removing stm32f7xx_hal_i2c.o(i.HAL_I2C_Mem_Write), (360 bytes).
    Removing stm32f7xx_hal_i2c.o(i.HAL_I2C_Mem_Write_DMA), (252 bytes).
    Removing stm32f7xx_hal_i2c.o(i.HAL_I2C_Mem_Write_IT), (192 bytes).
    Removing stm32f7xx_hal_i2c.o(i.HAL_I2C_MspDeInit), (2 bytes).
    Removing stm32f7xx_hal_i2c.o(i.HAL_I2C_MspInit), (2 bytes).
    Removing stm32f7xx_hal_i2c.o(i.HAL_I2C_SlaveRxCpltCallback), (2 bytes).
    Removing stm32f7xx_hal_i2c.o(i.HAL_I2C_SlaveTxCpltCallback), (2 bytes).
    Removing stm32f7xx_hal_i2c.o(i.HAL_I2C_Slave_Receive), (312 bytes).
    Removing stm32f7xx_hal_i2c.o(i.HAL_I2C_Slave_Receive_DMA), (164 bytes).
    Removing stm32f7xx_hal_i2c.o(i.HAL_I2C_Slave_Receive_IT), (92 bytes).
    Removing stm32f7xx_hal_i2c.o(i.HAL_I2C_Slave_Sequential_Receive_IT), (152 bytes).
    Removing stm32f7xx_hal_i2c.o(i.HAL_I2C_Slave_Sequential_Transmit_IT), (152 bytes).
    Removing stm32f7xx_hal_i2c.o(i.HAL_I2C_Slave_Transmit), (316 bytes).
    Removing stm32f7xx_hal_i2c.o(i.HAL_I2C_Slave_Transmit_DMA), (156 bytes).
    Removing stm32f7xx_hal_i2c.o(i.HAL_I2C_Slave_Transmit_IT), (92 bytes).
    Removing stm32f7xx_hal_i2c.o(i.I2C_DMAAbort), (50 bytes).
    Removing stm32f7xx_hal_i2c.o(i.I2C_DMAError), (18 bytes).
    Removing stm32f7xx_hal_i2c.o(i.I2C_DMAMasterReceiveCplt), (66 bytes).
    Removing stm32f7xx_hal_i2c.o(i.I2C_DMAMasterTransmitCplt), (66 bytes).
    Removing stm32f7xx_hal_i2c.o(i.I2C_DMASlaveReceiveCplt), (2 bytes).
    Removing stm32f7xx_hal_i2c.o(i.I2C_DMASlaveTransmitCplt), (2 bytes).
    Removing stm32f7xx_hal_i2c.o(i.I2C_Disable_IRQ), (88 bytes).
    Removing stm32f7xx_hal_i2c.o(i.I2C_Enable_IRQ), (96 bytes).
    Removing stm32f7xx_hal_i2c.o(i.I2C_Flush_TXDR), (34 bytes).
    Removing stm32f7xx_hal_i2c.o(i.I2C_ITAddrCplt), (136 bytes).
    Removing stm32f7xx_hal_i2c.o(i.I2C_ITError), (224 bytes).
    Removing stm32f7xx_hal_i2c.o(i.I2C_ITListenCplt), (96 bytes).
    Removing stm32f7xx_hal_i2c.o(i.I2C_ITMasterCplt), (180 bytes).
    Removing stm32f7xx_hal_i2c.o(i.I2C_ITMasterSequentialCplt), (80 bytes).
    Removing stm32f7xx_hal_i2c.o(i.I2C_ITSlaveCplt), (240 bytes).
    Removing stm32f7xx_hal_i2c.o(i.I2C_ITSlaveSequentialCplt), (84 bytes).
    Removing stm32f7xx_hal_i2c.o(i.I2C_IsAcknowledgeFailed), (124 bytes).
    Removing stm32f7xx_hal_i2c.o(i.I2C_Master_ISR_DMA), (196 bytes).
    Removing stm32f7xx_hal_i2c.o(i.I2C_Master_ISR_IT), (288 bytes).
    Removing stm32f7xx_hal_i2c.o(i.I2C_RequestMemoryRead), (110 bytes).
    Removing stm32f7xx_hal_i2c.o(i.I2C_RequestMemoryWrite), (110 bytes).
    Removing stm32f7xx_hal_i2c.o(i.I2C_Slave_ISR_DMA), (106 bytes).
    Removing stm32f7xx_hal_i2c.o(i.I2C_Slave_ISR_IT), (276 bytes).
    Removing stm32f7xx_hal_i2c.o(i.I2C_TransferConfig), (36 bytes).
    Removing stm32f7xx_hal_i2c.o(i.I2C_WaitOnFlagUntilTimeout), (82 bytes).
    Removing stm32f7xx_hal_i2c.o(i.I2C_WaitOnRXNEFlagUntilTimeout), (128 bytes).
    Removing stm32f7xx_hal_i2c.o(i.I2C_WaitOnSTOPFlagUntilTimeout), (80 bytes).
    Removing stm32f7xx_hal_i2c.o(i.I2C_WaitOnTXISFlagUntilTimeout), (84 bytes).
    Removing stm32f7xx_hal_pwr.o(.rev16_text), (4 bytes).
    Removing stm32f7xx_hal_pwr.o(.revsh_text), (4 bytes).
    Removing stm32f7xx_hal_pwr.o(.rrx_text), (6 bytes).
    Removing stm32f7xx_hal_pwr.o(i.HAL_PWR_ConfigPVD), (124 bytes).
    Removing stm32f7xx_hal_pwr.o(i.HAL_PWR_DeInit), (24 bytes).
    Removing stm32f7xx_hal_pwr.o(i.HAL_PWR_DisableBkUpAccess), (16 bytes).
    Removing stm32f7xx_hal_pwr.o(i.HAL_PWR_DisablePVD), (16 bytes).
    Removing stm32f7xx_hal_pwr.o(i.HAL_PWR_DisableSEVOnPend), (16 bytes).
    Removing stm32f7xx_hal_pwr.o(i.HAL_PWR_DisableSleepOnExit), (16 bytes).
    Removing stm32f7xx_hal_pwr.o(i.HAL_PWR_DisableWakeUpPin), (16 bytes).
    Removing stm32f7xx_hal_pwr.o(i.HAL_PWR_EnableBkUpAccess), (16 bytes).
    Removing stm32f7xx_hal_pwr.o(i.HAL_PWR_EnablePVD), (16 bytes).
    Removing stm32f7xx_hal_pwr.o(i.HAL_PWR_EnableSEVOnPend), (16 bytes).
    Removing stm32f7xx_hal_pwr.o(i.HAL_PWR_EnableSleepOnExit), (16 bytes).
    Removing stm32f7xx_hal_pwr.o(i.HAL_PWR_EnableWakeUpPin), (28 bytes).
    Removing stm32f7xx_hal_pwr.o(i.HAL_PWR_EnterSLEEPMode), (32 bytes).
    Removing stm32f7xx_hal_pwr.o(i.HAL_PWR_EnterSTANDBYMode), (32 bytes).
    Removing stm32f7xx_hal_pwr.o(i.HAL_PWR_EnterSTOPMode), (60 bytes).
    Removing stm32f7xx_hal_pwr.o(i.HAL_PWR_PVDCallback), (2 bytes).
    Removing stm32f7xx_hal_pwr.o(i.HAL_PWR_PVD_IRQHandler), (28 bytes).
    Removing stm32f7xx_hal.o(.rev16_text), (4 bytes).
    Removing stm32f7xx_hal.o(.revsh_text), (4 bytes).
    Removing stm32f7xx_hal.o(.rrx_text), (6 bytes).
    Removing stm32f7xx_hal.o(i.HAL_DBGMCU_DisableDBGSleepMode), (16 bytes).
    Removing stm32f7xx_hal.o(i.HAL_DBGMCU_DisableDBGStandbyMode), (16 bytes).
    Removing stm32f7xx_hal.o(i.HAL_DBGMCU_DisableDBGStopMode), (16 bytes).
    Removing stm32f7xx_hal.o(i.HAL_DBGMCU_EnableDBGSleepMode), (16 bytes).
    Removing stm32f7xx_hal.o(i.HAL_DBGMCU_EnableDBGStandbyMode), (16 bytes).
    Removing stm32f7xx_hal.o(i.HAL_DBGMCU_EnableDBGStopMode), (16 bytes).
    Removing stm32f7xx_hal.o(i.HAL_DeInit), (52 bytes).
    Removing stm32f7xx_hal.o(i.HAL_DisableCompensationCell), (16 bytes).
    Removing stm32f7xx_hal.o(i.HAL_DisableFMCMemorySwapping), (16 bytes).
    Removing stm32f7xx_hal.o(i.HAL_EnableCompensationCell), (16 bytes).
    Removing stm32f7xx_hal.o(i.HAL_EnableFMCMemorySwapping), (16 bytes).
    Removing stm32f7xx_hal.o(i.HAL_GetDEVID), (16 bytes).
    Removing stm32f7xx_hal.o(i.HAL_GetHalVersion), (8 bytes).
    Removing stm32f7xx_hal.o(i.HAL_GetREVID), (12 bytes).
    Removing stm32f7xx_hal.o(i.HAL_MspDeInit), (2 bytes).
    Removing stm32f7xx_hal.o(i.HAL_ResumeTick), (14 bytes).
    Removing stm32f7xx_hal.o(i.HAL_SuspendTick), (14 bytes).
    Removing stm32f7xx_hal_i2c_ex.o(.rev16_text), (4 bytes).
    Removing stm32f7xx_hal_i2c_ex.o(.revsh_text), (4 bytes).
    Removing stm32f7xx_hal_i2c_ex.o(.rrx_text), (6 bytes).
    Removing stm32f7xx_hal_i2c_ex.o(i.HAL_I2CEx_ConfigAnalogFilter), (88 bytes).
    Removing stm32f7xx_hal_i2c_ex.o(i.HAL_I2CEx_ConfigDigitalFilter), (84 bytes).
    Removing stm32f7xx_hal_i2c_ex.o(i.HAL_I2CEx_DisableFastModePlus), (40 bytes).
    Removing stm32f7xx_hal_i2c_ex.o(i.HAL_I2CEx_EnableFastModePlus), (40 bytes).
    Removing stm32f7xx_hal_gpio.o(.rev16_text), (4 bytes).
    Removing stm32f7xx_hal_gpio.o(.revsh_text), (4 bytes).
    Removing stm32f7xx_hal_gpio.o(.rrx_text), (6 bytes).
    Removing stm32f7xx_hal_gpio.o(i.HAL_GPIO_EXTI_Callback), (2 bytes).
    Removing stm32f7xx_hal_gpio.o(i.HAL_GPIO_LockPin), (34 bytes).
    Removing stm32f7xx_hal_gpio.o(i.HAL_GPIO_ReadPin), (10 bytes).
    Removing stm32f7xx_hal_sram.o(.rev16_text), (4 bytes).
    Removing stm32f7xx_hal_sram.o(.revsh_text), (4 bytes).
    Removing stm32f7xx_hal_sram.o(.rrx_text), (6 bytes).
    Removing stm32f7xx_hal_sram.o(i.HAL_SRAM_DMA_XferCpltCallback), (2 bytes).
    Removing stm32f7xx_hal_sram.o(i.HAL_SRAM_DMA_XferErrorCallback), (2 bytes).
    Removing stm32f7xx_hal_sram.o(i.HAL_SRAM_DeInit), (28 bytes).
    Removing stm32f7xx_hal_sram.o(i.HAL_SRAM_GetState), (6 bytes).
    Removing stm32f7xx_hal_sram.o(i.HAL_SRAM_Init), (86 bytes).
    Removing stm32f7xx_hal_sram.o(i.HAL_SRAM_MspDeInit), (2 bytes).
    Removing stm32f7xx_hal_sram.o(i.HAL_SRAM_MspInit), (2 bytes).
    Removing stm32f7xx_hal_sram.o(i.HAL_SRAM_Read_16b), (54 bytes).
    Removing stm32f7xx_hal_sram.o(i.HAL_SRAM_Read_32b), (50 bytes).
    Removing stm32f7xx_hal_sram.o(i.HAL_SRAM_Read_8b), (54 bytes).
    Removing stm32f7xx_hal_sram.o(i.HAL_SRAM_Read_DMA), (64 bytes).
    Removing stm32f7xx_hal_sram.o(i.HAL_SRAM_WriteOperation_Disable), (48 bytes).
    Removing stm32f7xx_hal_sram.o(i.HAL_SRAM_WriteOperation_Enable), (42 bytes).
    Removing stm32f7xx_hal_sram.o(i.HAL_SRAM_Write_16b), (66 bytes).
    Removing stm32f7xx_hal_sram.o(i.HAL_SRAM_Write_32b), (62 bytes).
    Removing stm32f7xx_hal_sram.o(i.HAL_SRAM_Write_8b), (66 bytes).
    Removing stm32f7xx_hal_sram.o(i.HAL_SRAM_Write_DMA), (84 bytes).
    Removing main.o(.rev16_text), (4 bytes).
    Removing main.o(.revsh_text), (4 bytes).
    Removing main.o(.rrx_text), (6 bytes).
    Removing main.o(i.HAL_UART_ErrorCallback), (4 bytes).
    Removing stm32f7xx_it.o(.rev16_text), (4 bytes).
    Removing stm32f7xx_it.o(.revsh_text), (4 bytes).
    Removing stm32f7xx_it.o(.rrx_text), (6 bytes).
    Removing stm32f7xx_hal_msp.o(.rev16_text), (4 bytes).
    Removing stm32f7xx_hal_msp.o(.revsh_text), (4 bytes).
    Removing stm32f7xx_hal_msp.o(.rrx_text), (6 bytes).
    Removing stm32f723e_discovery.o(.rev16_text), (4 bytes).
    Removing stm32f723e_discovery.o(.revsh_text), (4 bytes).
    Removing stm32f723e_discovery.o(.rrx_text), (6 bytes).
    Removing stm32f723e_discovery.o(i.AUDIO_IO_DeInit), (2 bytes).
    Removing stm32f723e_discovery.o(i.AUDIO_IO_Delay), (4 bytes).
    Removing stm32f723e_discovery.o(i.AUDIO_IO_Init), (12 bytes).
    Removing stm32f723e_discovery.o(i.AUDIO_IO_Read), (52 bytes).
    Removing stm32f723e_discovery.o(i.AUDIO_IO_Write), (52 bytes).
    Removing stm32f723e_discovery.o(i.BSP_COM_DeInit), (44 bytes).
    Removing stm32f723e_discovery.o(i.BSP_COM_Init), (172 bytes).
    Removing stm32f723e_discovery.o(i.BSP_GetVersion), (6 bytes).
    Removing stm32f723e_discovery.o(i.BSP_LED_DeInit), (44 bytes).
    Removing stm32f723e_discovery.o(i.BSP_PB_DeInit), (48 bytes).
    Removing stm32f723e_discovery.o(i.BSP_PB_GetState), (24 bytes).
    Removing stm32f723e_discovery.o(i.FMC_BANK2_Init), (96 bytes).
    Removing stm32f723e_discovery.o(i.FMC_BANK2_MspInit), (216 bytes).
    Removing stm32f723e_discovery.o(i.FMC_BANK2_WriteData), (12 bytes).
    Removing stm32f723e_discovery.o(i.I2Cx_Error), (18 bytes).
    Removing stm32f723e_discovery.o(i.I2Cx_Init), (96 bytes).
    Removing stm32f723e_discovery.o(i.I2Cx_MspInit), (452 bytes).
    Removing stm32f723e_discovery.o(i.I2Cx_ReadMultiple), (42 bytes).
    Removing stm32f723e_discovery.o(i.I2Cx_WriteMultiple), (42 bytes).
    Removing stm32f723e_discovery.o(i.LCD_IO_Delay), (4 bytes).
    Removing stm32f723e_discovery.o(i.LCD_IO_Init), (4 bytes).
    Removing stm32f723e_discovery.o(i.LCD_IO_ReadData), (8 bytes).
    Removing stm32f723e_discovery.o(i.LCD_IO_WriteData), (12 bytes).
    Removing stm32f723e_discovery.o(i.LCD_IO_WriteMultipleData), (32 bytes).
    Removing stm32f723e_discovery.o(i.LCD_IO_WriteReg), (16 bytes).
    Removing stm32f723e_discovery.o(i.TS_IO_Delay), (4 bytes).
    Removing stm32f723e_discovery.o(i.TS_IO_Init), (80 bytes).
    Removing stm32f723e_discovery.o(i.TS_IO_Read), (40 bytes).
    Removing stm32f723e_discovery.o(i.TS_IO_ReadMultiple), (24 bytes).
    Removing stm32f723e_discovery.o(i.TS_IO_Write), (32 bytes).
    Removing stm32f723e_discovery.o(i.TS_IO_WriteMultiple), (24 bytes).
    Removing stm32f723e_discovery.o(.bss), (152 bytes).
    Removing startup_stm32f723xx.o(HEAP), (512 bytes).
    Removing system_stm32f7xx.o(.rev16_text), (4 bytes).
    Removing system_stm32f7xx.o(.revsh_text), (4 bytes).
    Removing system_stm32f7xx.o(.rrx_text), (6 bytes).
    Removing system_stm32f7xx.o(i.SystemCoreClockUpdate), (132 bytes).

340 unused section(s) (total 24720 bytes) removed from the image.

==============================================================================

Image Symbol Table

    Local Symbols

    Symbol Name                              Value     Ov Type        Size  Object(Section)

    ../../../../../../Drivers/BSP/STM32F723E-Discovery/stm32f723e_discovery.c 0x00000000   Number         0  stm32f723e_discovery.o ABSOLUTE
    ../../../../../../Drivers/STM32F7xx_HAL_Driver/Src/stm32f7xx_hal.c 0x00000000   Number         0  stm32f7xx_hal.o ABSOLUTE
    ../../../../../../Drivers/STM32F7xx_HAL_Driver/Src/stm32f7xx_hal_cortex.c 0x00000000   Number         0  stm32f7xx_hal_cortex.o ABSOLUTE
    ../../../../../../Drivers/STM32F7xx_HAL_Driver/Src/stm32f7xx_hal_dma.c 0x00000000   Number         0  stm32f7xx_hal_dma.o ABSOLUTE
    ../../../../../../Drivers/STM32F7xx_HAL_Driver/Src/stm32f7xx_hal_dma_ex.c 0x00000000   Number         0  stm32f7xx_hal_dma_ex.o ABSOLUTE
    ../../../../../../Drivers/STM32F7xx_HAL_Driver/Src/stm32f7xx_hal_gpio.c 0x00000000   Number         0  stm32f7xx_hal_gpio.o ABSOLUTE
    ../../../../../../Drivers/STM32F7xx_HAL_Driver/Src/stm32f7xx_hal_i2c.c 0x00000000   Number         0  stm32f7xx_hal_i2c.o ABSOLUTE
    ../../../../../../Drivers/STM32F7xx_HAL_Driver/Src/stm32f7xx_hal_i2c_ex.c 0x00000000   Number         0  stm32f7xx_hal_i2c_ex.o ABSOLUTE
    ../../../../../../Drivers/STM32F7xx_HAL_Driver/Src/stm32f7xx_hal_pwr.c 0x00000000   Number         0  stm32f7xx_hal_pwr.o ABSOLUTE
    ../../../../../../Drivers/STM32F7xx_HAL_Driver/Src/stm32f7xx_hal_pwr_ex.c 0x00000000   Number         0  stm32f7xx_hal_pwr_ex.o ABSOLUTE
    ../../../../../../Drivers/STM32F7xx_HAL_Driver/Src/stm32f7xx_hal_rcc.c 0x00000000   Number         0  stm32f7xx_hal_rcc.o ABSOLUTE
    ../../../../../../Drivers/STM32F7xx_HAL_Driver/Src/stm32f7xx_hal_rcc_ex.c 0x00000000   Number         0  stm32f7xx_hal_rcc_ex.o ABSOLUTE
    ../../../../../../Drivers/STM32F7xx_HAL_Driver/Src/stm32f7xx_hal_sram.c 0x00000000   Number         0  stm32f7xx_hal_sram.o ABSOLUTE
    ../../../../../../Drivers/STM32F7xx_HAL_Driver/Src/stm32f7xx_hal_uart.c 0x00000000   Number         0  stm32f7xx_hal_uart.o ABSOLUTE
    ../../../../../../Drivers/STM32F7xx_HAL_Driver/Src/stm32f7xx_ll_fmc.c 0x00000000   Number         0  stm32f7xx_ll_fmc.o ABSOLUTE
    ../Src/main.c                            0x00000000   Number         0  main.o ABSOLUTE
    ../Src/stm32f7xx_hal_msp.c               0x00000000   Number         0  stm32f7xx_hal_msp.o ABSOLUTE
    ../Src/stm32f7xx_it.c                    0x00000000   Number         0  stm32f7xx_it.o ABSOLUTE
    ../Src/system_stm32f7xx.c                0x00000000   Number         0  system_stm32f7xx.o ABSOLUTE
    ../clib/microlib/init/entry.s            0x00000000   Number         0  entry8b.o ABSOLUTE
    ../clib/microlib/init/entry.s            0x00000000   Number         0  entry7b.o ABSOLUTE
    ../clib/microlib/init/entry.s            0x00000000   Number         0  entry7a.o ABSOLUTE
    ../clib/microlib/init/entry.s            0x00000000   Number         0  entry5.o ABSOLUTE
    ../clib/microlib/init/entry.s            0x00000000   Number         0  entry2.o ABSOLUTE
    ../clib/microlib/init/entry.s            0x00000000   Number         0  entry.o ABSOLUTE
    ../clib/microlib/init/entry.s            0x00000000   Number         0  entry11a.o ABSOLUTE
    ../clib/microlib/init/entry.s            0x00000000   Number         0  entry11b.o ABSOLUTE
    ../clib/microlib/init/entry.s            0x00000000   Number         0  entry10b.o ABSOLUTE
    ../clib/microlib/init/entry.s            0x00000000   Number         0  entry10a.o ABSOLUTE
    ../clib/microlib/init/entry.s            0x00000000   Number         0  entry9b.o ABSOLUTE
    ../clib/microlib/init/entry.s            0x00000000   Number         0  entry8a.o ABSOLUTE
    ../clib/microlib/init/entry.s            0x00000000   Number         0  entry9a.o ABSOLUTE
    ..\..\..\..\..\..\Drivers\BSP\STM32F723E-Discovery\stm32f723e_discovery.c 0x00000000   Number         0  stm32f723e_discovery.o ABSOLUTE
    ..\..\..\..\..\..\Drivers\STM32F7xx_HAL_Driver\Src\stm32f7xx_hal.c 0x00000000   Number         0  stm32f7xx_hal.o ABSOLUTE
    ..\..\..\..\..\..\Drivers\STM32F7xx_HAL_Driver\Src\stm32f7xx_hal_cortex.c 0x00000000   Number         0  stm32f7xx_hal_cortex.o ABSOLUTE
    ..\..\..\..\..\..\Drivers\STM32F7xx_HAL_Driver\Src\stm32f7xx_hal_dma.c 0x00000000   Number         0  stm32f7xx_hal_dma.o ABSOLUTE
    ..\..\..\..\..\..\Drivers\STM32F7xx_HAL_Driver\Src\stm32f7xx_hal_dma_ex.c 0x00000000   Number         0  stm32f7xx_hal_dma_ex.o ABSOLUTE
    ..\..\..\..\..\..\Drivers\STM32F7xx_HAL_Driver\Src\stm32f7xx_hal_gpio.c 0x00000000   Number         0  stm32f7xx_hal_gpio.o ABSOLUTE
    ..\..\..\..\..\..\Drivers\STM32F7xx_HAL_Driver\Src\stm32f7xx_hal_i2c.c 0x00000000   Number         0  stm32f7xx_hal_i2c.o ABSOLUTE
    ..\..\..\..\..\..\Drivers\STM32F7xx_HAL_Driver\Src\stm32f7xx_hal_i2c_ex.c 0x00000000   Number         0  stm32f7xx_hal_i2c_ex.o ABSOLUTE
    ..\..\..\..\..\..\Drivers\STM32F7xx_HAL_Driver\Src\stm32f7xx_hal_pwr.c 0x00000000   Number         0  stm32f7xx_hal_pwr.o ABSOLUTE
    ..\..\..\..\..\..\Drivers\STM32F7xx_HAL_Driver\Src\stm32f7xx_hal_pwr_ex.c 0x00000000   Number         0  stm32f7xx_hal_pwr_ex.o ABSOLUTE
    ..\..\..\..\..\..\Drivers\STM32F7xx_HAL_Driver\Src\stm32f7xx_hal_rcc.c 0x00000000   Number         0  stm32f7xx_hal_rcc.o ABSOLUTE
    ..\..\..\..\..\..\Drivers\STM32F7xx_HAL_Driver\Src\stm32f7xx_hal_rcc_ex.c 0x00000000   Number         0  stm32f7xx_hal_rcc_ex.o ABSOLUTE
    ..\..\..\..\..\..\Drivers\STM32F7xx_HAL_Driver\Src\stm32f7xx_hal_sram.c 0x00000000   Number         0  stm32f7xx_hal_sram.o ABSOLUTE
    ..\..\..\..\..\..\Drivers\STM32F7xx_HAL_Driver\Src\stm32f7xx_hal_uart.c 0x00000000   Number         0  stm32f7xx_hal_uart.o ABSOLUTE
    ..\..\..\..\..\..\Drivers\STM32F7xx_HAL_Driver\Src\stm32f7xx_ll_fmc.c 0x00000000   Number         0  stm32f7xx_ll_fmc.o ABSOLUTE
    ..\Src\main.c                            0x00000000   Number         0  main.o ABSOLUTE
    ..\Src\stm32f7xx_hal_msp.c               0x00000000   Number         0  stm32f7xx_hal_msp.o ABSOLUTE
    ..\Src\stm32f7xx_it.c                    0x00000000   Number         0  stm32f7xx_it.o ABSOLUTE
    ..\Src\system_stm32f7xx.c                0x00000000   Number         0  system_stm32f7xx.o ABSOLUTE
    dc.s                                     0x00000000   Number         0  dc.o ABSOLUTE
    handlers.s                               0x00000000   Number         0  handlers.o ABSOLUTE
    init.s                                   0x00000000   Number         0  init.o ABSOLUTE
    startup_stm32f723xx.s                    0x00000000   Number         0  startup_stm32f723xx.o ABSOLUTE
    RESET                                    0x08000000   Section      480  startup_stm32f723xx.o(RESET)
    .ARM.Collect$$$$00000000                 0x080001e0   Section        0  entry.o(.ARM.Collect$$$$00000000)
    .ARM.Collect$$$$00000001                 0x080001e0   Section        4  entry2.o(.ARM.Collect$$$$00000001)
    .ARM.Collect$$$$00000004                 0x080001e4   Section        4  entry5.o(.ARM.Collect$$$$00000004)
    .ARM.Collect$$$$00000008                 0x080001e8   Section        0  entry7b.o(.ARM.Collect$$$$00000008)
    .ARM.Collect$$$$0000000A                 0x080001e8   Section        0  entry8b.o(.ARM.Collect$$$$0000000A)
    .ARM.Collect$$$$0000000B                 0x080001e8   Section        8  entry9a.o(.ARM.Collect$$$$0000000B)
    .ARM.Collect$$$$0000000D                 0x080001f0   Section        0  entry10a.o(.ARM.Collect$$$$0000000D)
    .ARM.Collect$$$$0000000F                 0x080001f0   Section        0  entry11a.o(.ARM.Collect$$$$0000000F)
    .ARM.Collect$$$$00002712                 0x080001f0   Section        4  entry2.o(.ARM.Collect$$$$00002712)
    __lit__00000000                          0x080001f0   Data           4  entry2.o(.ARM.Collect$$$$00002712)
    .text                                    0x080001f4   Section       36  startup_stm32f723xx.o(.text)
    $v0                                      0x080001f4   Number         0  startup_stm32f723xx.o(.text)
    .text                                    0x08000218   Section       36  init.o(.text)
    i.BSP_LED_Init                           0x0800023c   Section        0  stm32f723e_discovery.o(i.BSP_LED_Init)
    i.BSP_LED_Off                            0x08000298   Section        0  stm32f723e_discovery.o(i.BSP_LED_Off)
    i.BSP_LED_On                             0x080002b4   Section        0  stm32f723e_discovery.o(i.BSP_LED_On)
    i.BSP_LED_Toggle                         0x080002d0   Section        0  stm32f723e_discovery.o(i.BSP_LED_Toggle)
    i.BSP_PB_Init                            0x080002e8   Section        0  stm32f723e_discovery.o(i.BSP_PB_Init)
    i.BusFault_Handler                       0x08000374   Section        0  stm32f7xx_it.o(i.BusFault_Handler)
    i.CPU_CACHE_Enable                       0x08000378   Section        0  main.o(i.CPU_CACHE_Enable)
    CPU_CACHE_Enable                         0x08000379   Thumb Code   116  main.o(i.CPU_CACHE_Enable)
    i.DebugMon_Handler                       0x080003f4   Section        0  stm32f7xx_it.o(i.DebugMon_Handler)
    i.EXTI0_IRQHandler                       0x080003f6   Section        0  stm32f7xx_it.o(i.EXTI0_IRQHandler)
    i.Error_Handler                          0x080003fc   Section        0  main.o(i.Error_Handler)
    Error_Handler                            0x080003fd   Thumb Code    24  main.o(i.Error_Handler)
    i.HAL_Delay                              0x08000414   Section        0  stm32f7xx_hal.o(i.HAL_Delay)
    i.HAL_GPIO_DeInit                        0x0800042c   Section        0  stm32f7xx_hal_gpio.o(i.HAL_GPIO_DeInit)
    i.HAL_GPIO_EXTI_Callback                 0x08000564   Section        0  main.o(i.HAL_GPIO_EXTI_Callback)
    i.HAL_GPIO_EXTI_IRQHandler               0x08000574   Section        0  stm32f7xx_hal_gpio.o(i.HAL_GPIO_EXTI_IRQHandler)
    i.HAL_GPIO_Init                          0x0800058c   Section        0  stm32f7xx_hal_gpio.o(i.HAL_GPIO_Init)
    i.HAL_GPIO_TogglePin                     0x08000748   Section        0  stm32f7xx_hal_gpio.o(i.HAL_GPIO_TogglePin)
    i.HAL_GPIO_WritePin                      0x08000750   Section        0  stm32f7xx_hal_gpio.o(i.HAL_GPIO_WritePin)
    i.HAL_GetTick                            0x0800075c   Section        0  stm32f7xx_hal.o(i.HAL_GetTick)
    i.HAL_IncTick                            0x08000768   Section        0  stm32f7xx_hal.o(i.HAL_IncTick)
    i.HAL_Init                               0x08000778   Section        0  stm32f7xx_hal.o(i.HAL_Init)
    i.HAL_InitTick                           0x0800079c   Section        0  stm32f7xx_hal.o(i.HAL_InitTick)
    i.HAL_MspInit                            0x080007c4   Section        0  stm32f7xx_hal.o(i.HAL_MspInit)
    i.HAL_NVIC_EnableIRQ                     0x080007c6   Section        0  stm32f7xx_hal_cortex.o(i.HAL_NVIC_EnableIRQ)
    i.HAL_NVIC_SetPriority                   0x080007e0   Section        0  stm32f7xx_hal_cortex.o(i.HAL_NVIC_SetPriority)
    i.HAL_NVIC_SetPriorityGrouping           0x08000820   Section        0  stm32f7xx_hal_cortex.o(i.HAL_NVIC_SetPriorityGrouping)
    i.HAL_PWREx_EnableOverDrive              0x08000844   Section        0  stm32f7xx_hal_pwr_ex.o(i.HAL_PWREx_EnableOverDrive)
    i.HAL_RCC_ClockConfig                    0x080008b0   Section        0  stm32f7xx_hal_rcc.o(i.HAL_RCC_ClockConfig)
    i.HAL_RCC_GetPCLK1Freq                   0x08000a14   Section        0  stm32f7xx_hal_rcc.o(i.HAL_RCC_GetPCLK1Freq)
    i.HAL_RCC_GetPCLK2Freq                   0x08000a44   Section        0  stm32f7xx_hal_rcc.o(i.HAL_RCC_GetPCLK2Freq)
    i.HAL_RCC_GetSysClockFreq                0x08000a74   Section        0  stm32f7xx_hal_rcc.o(i.HAL_RCC_GetSysClockFreq)
    i.HAL_RCC_OscConfig                      0x08000af8   Section        0  stm32f7xx_hal_rcc.o(i.HAL_RCC_OscConfig)
    i.HAL_SYSTICK_Config                     0x08000e54   Section        0  stm32f7xx_hal_cortex.o(i.HAL_SYSTICK_Config)
    i.HAL_UART_DeInit                        0x08000e7a   Section        0  stm32f7xx_hal_uart.o(i.HAL_UART_DeInit)
    i.HAL_UART_Init                          0x08000eba   Section        0  stm32f7xx_hal_uart.o(i.HAL_UART_Init)
    i.HAL_UART_MspDeInit                     0x08000f24   Section        0  stm32f7xx_hal_msp.o(i.HAL_UART_MspDeInit)
    i.HAL_UART_MspInit                       0x08000f58   Section        0  stm32f7xx_hal_msp.o(i.HAL_UART_MspInit)
    i.HAL_UART_Receive                       0x08000fc8   Section        0  stm32f7xx_hal_uart.o(i.HAL_UART_Receive)
    i.HAL_UART_Transmit                      0x080010b0   Section        0  stm32f7xx_hal_uart.o(i.HAL_UART_Transmit)
    i.HardFault_Handler                      0x08001166   Section        0  stm32f7xx_it.o(i.HardFault_Handler)
    i.MemManage_Handler                      0x08001168   Section        0  stm32f7xx_it.o(i.MemManage_Handler)
    i.NMI_Handler                            0x0800116a   Section        0  stm32f7xx_it.o(i.NMI_Handler)
    i.PendSV_Handler                         0x0800116c   Section        0  stm32f7xx_it.o(i.PendSV_Handler)
    i.SVC_Handler                            0x0800116e   Section        0  stm32f7xx_it.o(i.SVC_Handler)
    i.SysTick_Handler                        0x08001170   Section        0  stm32f7xx_it.o(i.SysTick_Handler)
    i.SystemClock_Config                     0x08001174   Section        0  main.o(i.SystemClock_Config)
    i.SystemInit                             0x080011d4   Section        0  system_stm32f7xx.o(i.SystemInit)
    i.UART_AdvFeatureConfig                  0x08001228   Section        0  stm32f7xx_hal_uart.o(i.UART_AdvFeatureConfig)
    i.UART_CheckIdleState                    0x080012f0   Section        0  stm32f7xx_hal_uart.o(i.UART_CheckIdleState)
    i.UART_SetConfig                         0x08001330   Section        0  stm32f7xx_hal_uart.o(i.UART_SetConfig)
    i.UART_WaitOnFlagUntilTimeout            0x08001588   Section        0  stm32f7xx_hal_uart.o(i.UART_WaitOnFlagUntilTimeout)
    i.UsageFault_Handler                     0x080015ec   Section        0  stm32f7xx_it.o(i.UsageFault_Handler)
    i.__NVIC_SetPriority                     0x080015ee   Section        0  stm32f7xx_hal_cortex.o(i.__NVIC_SetPriority)
    __NVIC_SetPriority                       0x080015ef   Thumb Code    34  stm32f7xx_hal_cortex.o(i.__NVIC_SetPriority)
    i.__scatterload_copy                     0x08001610   Section       14  handlers.o(i.__scatterload_copy)
    i.__scatterload_null                     0x0800161e   Section        2  handlers.o(i.__scatterload_null)
    i.__scatterload_zeroinit                 0x08001620   Section       14  handlers.o(i.__scatterload_zeroinit)
    i.main                                   0x08001630   Section        0  main.o(i.main)
    .constdata                               0x080016fc   Section       12  stm32f723e_discovery.o(.constdata)
    .constdata                               0x08001708   Section       16  system_stm32f7xx.o(.constdata)
    .constdata                               0x08001718   Section        8  system_stm32f7xx.o(.constdata)
    .data                                    0x20000000   Section        4  stm32f7xx_hal.o(.data)
    .data                                    0x20000004   Section      116  main.o(.data)
    .data                                    0x20000078   Section       32  stm32f723e_discovery.o(.data)
    .data                                    0x20000098   Section        4  system_stm32f7xx.o(.data)
    .bss                                     0x2000009c   Section      223  main.o(.bss)
    STACK                                    0x20000180   Section     1024  startup_stm32f723xx.o(STACK)

    Global Symbols

    Symbol Name                              Value     Ov Type        Size  Object(Section)

    BuildAttributes$$THM_ISAv4$E$P$D$K$B$S$7EM$VFPi5$EXTD16$VFPS$VFMA$PE$PLD8$A:L22UL41UL21$X:L11$S22US41US21$IEEE1$IW$USESV6$~STKCKD$USESV7$~SHL$OSPACE$EBA8$MICROLIB$REQ8$PRES8$EABIv2 0x00000000   Number         0  anon$$obj.o ABSOLUTE
    __ARM_use_no_argv                        0x00000000   Number         0  main.o ABSOLUTE
    __cpp_initialize__aeabi_                  - Undefined Weak Reference
    __cxa_finalize                            - Undefined Weak Reference
    __decompress                              - Undefined Weak Reference
    _clock_init                               - Undefined Weak Reference
    _microlib_exit                            - Undefined Weak Reference
    __Vectors_Size                           0x000001e0   Number         0  startup_stm32f723xx.o ABSOLUTE
    __Vectors                                0x08000000   Data           4  startup_stm32f723xx.o(RESET)
    __Vectors_End                            0x080001e0   Data           0  startup_stm32f723xx.o(RESET)
    __main                                   0x080001e1   Thumb Code     0  entry.o(.ARM.Collect$$$$00000000)
    _main_stk                                0x080001e1   Thumb Code     0  entry2.o(.ARM.Collect$$$$00000001)
    _main_scatterload                        0x080001e5   Thumb Code     0  entry5.o(.ARM.Collect$$$$00000004)
    __main_after_scatterload                 0x080001e9   Thumb Code     0  entry5.o(.ARM.Collect$$$$00000004)
    _main_clock                              0x080001e9   Thumb Code     0  entry7b.o(.ARM.Collect$$$$00000008)
    _main_cpp_init                           0x080001e9   Thumb Code     0  entry8b.o(.ARM.Collect$$$$0000000A)
    _main_init                               0x080001e9   Thumb Code     0  entry9a.o(.ARM.Collect$$$$0000000B)
    __rt_final_cpp                           0x080001f1   Thumb Code     0  entry10a.o(.ARM.Collect$$$$0000000D)
    __rt_final_exit                          0x080001f1   Thumb Code     0  entry11a.o(.ARM.Collect$$$$0000000F)
    Reset_Handler                            0x080001f5   Thumb Code     8  startup_stm32f723xx.o(.text)
    ADC_IRQHandler                           0x0800020f   Thumb Code     0  startup_stm32f723xx.o(.text)
    CAN1_RX0_IRQHandler                      0x0800020f   Thumb Code     0  startup_stm32f723xx.o(.text)
    CAN1_RX1_IRQHandler                      0x0800020f   Thumb Code     0  startup_stm32f723xx.o(.text)
    CAN1_SCE_IRQHandler                      0x0800020f   Thumb Code     0  startup_stm32f723xx.o(.text)
    CAN1_TX_IRQHandler                       0x0800020f   Thumb Code     0  startup_stm32f723xx.o(.text)
    DMA1_Stream0_IRQHandler                  0x0800020f   Thumb Code     0  startup_stm32f723xx.o(.text)
    DMA1_Stream1_IRQHandler                  0x0800020f   Thumb Code     0  startup_stm32f723xx.o(.text)
    DMA1_Stream2_IRQHandler                  0x0800020f   Thumb Code     0  startup_stm32f723xx.o(.text)
    DMA1_Stream3_IRQHandler                  0x0800020f   Thumb Code     0  startup_stm32f723xx.o(.text)
    DMA1_Stream4_IRQHandler                  0x0800020f   Thumb Code     0  startup_stm32f723xx.o(.text)
    DMA1_Stream5_IRQHandler                  0x0800020f   Thumb Code     0  startup_stm32f723xx.o(.text)
    DMA1_Stream6_IRQHandler                  0x0800020f   Thumb Code     0  startup_stm32f723xx.o(.text)
    DMA1_Stream7_IRQHandler                  0x0800020f   Thumb Code     0  startup_stm32f723xx.o(.text)
    DMA2_Stream0_IRQHandler                  0x0800020f   Thumb Code     0  startup_stm32f723xx.o(.text)
    DMA2_Stream1_IRQHandler                  0x0800020f   Thumb Code     0  startup_stm32f723xx.o(.text)
    DMA2_Stream2_IRQHandler                  0x0800020f   Thumb Code     0  startup_stm32f723xx.o(.text)
    DMA2_Stream3_IRQHandler                  0x0800020f   Thumb Code     0  startup_stm32f723xx.o(.text)
    DMA2_Stream4_IRQHandler                  0x0800020f   Thumb Code     0  startup_stm32f723xx.o(.text)
    DMA2_Stream5_IRQHandler                  0x0800020f   Thumb Code     0  startup_stm32f723xx.o(.text)
    DMA2_Stream6_IRQHandler                  0x0800020f   Thumb Code     0  startup_stm32f723xx.o(.text)
    DMA2_Stream7_IRQHandler                  0x0800020f   Thumb Code     0  startup_stm32f723xx.o(.text)
    EXTI15_10_IRQHandler                     0x0800020f   Thumb Code     0  startup_stm32f723xx.o(.text)
    EXTI1_IRQHandler                         0x0800020f   Thumb Code     0  startup_stm32f723xx.o(.text)
    EXTI2_IRQHandler                         0x0800020f   Thumb Code     0  startup_stm32f723xx.o(.text)
    EXTI3_IRQHandler                         0x0800020f   Thumb Code     0  startup_stm32f723xx.o(.text)
    EXTI4_IRQHandler                         0x0800020f   Thumb Code     0  startup_stm32f723xx.o(.text)
    EXTI9_5_IRQHandler                       0x0800020f   Thumb Code     0  startup_stm32f723xx.o(.text)
    FLASH_IRQHandler                         0x0800020f   Thumb Code     0  startup_stm32f723xx.o(.text)
    FMC_IRQHandler                           0x0800020f   Thumb Code     0  startup_stm32f723xx.o(.text)
    FPU_IRQHandler                           0x0800020f   Thumb Code     0  startup_stm32f723xx.o(.text)
    I2C1_ER_IRQHandler                       0x0800020f   Thumb Code     0  startup_stm32f723xx.o(.text)
    I2C1_EV_IRQHandler                       0x0800020f   Thumb Code     0  startup_stm32f723xx.o(.text)
    I2C2_ER_IRQHandler                       0x0800020f   Thumb Code     0  startup_stm32f723xx.o(.text)
    I2C2_EV_IRQHandler                       0x0800020f   Thumb Code     0  startup_stm32f723xx.o(.text)
    I2C3_ER_IRQHandler                       0x0800020f   Thumb Code     0  startup_stm32f723xx.o(.text)
    I2C3_EV_IRQHandler                       0x0800020f   Thumb Code     0  startup_stm32f723xx.o(.text)
    LPTIM1_IRQHandler                        0x0800020f   Thumb Code     0  startup_stm32f723xx.o(.text)
    OTG_FS_IRQHandler                        0x0800020f   Thumb Code     0  startup_stm32f723xx.o(.text)
    OTG_FS_WKUP_IRQHandler                   0x0800020f   Thumb Code     0  startup_stm32f723xx.o(.text)
    OTG_HS_EP1_IN_IRQHandler                 0x0800020f   Thumb Code     0  startup_stm32f723xx.o(.text)
    OTG_HS_EP1_OUT_IRQHandler                0x0800020f   Thumb Code     0  startup_stm32f723xx.o(.text)
    OTG_HS_IRQHandler                        0x0800020f   Thumb Code     0  startup_stm32f723xx.o(.text)
    OTG_HS_WKUP_IRQHandler                   0x0800020f   Thumb Code     0  startup_stm32f723xx.o(.text)
    PVD_IRQHandler                           0x0800020f   Thumb Code     0  startup_stm32f723xx.o(.text)
    QUADSPI_IRQHandler                       0x0800020f   Thumb Code     0  startup_stm32f723xx.o(.text)
    RCC_IRQHandler                           0x0800020f   Thumb Code     0  startup_stm32f723xx.o(.text)
    RNG_IRQHandler                           0x0800020f   Thumb Code     0  startup_stm32f723xx.o(.text)
    RTC_Alarm_IRQHandler                     0x0800020f   Thumb Code     0  startup_stm32f723xx.o(.text)
    RTC_WKUP_IRQHandler                      0x0800020f   Thumb Code     0  startup_stm32f723xx.o(.text)
    SAI1_IRQHandler                          0x0800020f   Thumb Code     0  startup_stm32f723xx.o(.text)
    SAI2_IRQHandler                          0x0800020f   Thumb Code     0  startup_stm32f723xx.o(.text)
    SDMMC1_IRQHandler                        0x0800020f   Thumb Code     0  startup_stm32f723xx.o(.text)
    SDMMC2_IRQHandler                        0x0800020f   Thumb Code     0  startup_stm32f723xx.o(.text)
    SPI1_IRQHandler                          0x0800020f   Thumb Code     0  startup_stm32f723xx.o(.text)
    SPI2_IRQHandler                          0x0800020f   Thumb Code     0  startup_stm32f723xx.o(.text)
    SPI3_IRQHandler                          0x0800020f   Thumb Code     0  startup_stm32f723xx.o(.text)
    SPI4_IRQHandler                          0x0800020f   Thumb Code     0  startup_stm32f723xx.o(.text)
    SPI5_IRQHandler                          0x0800020f   Thumb Code     0  startup_stm32f723xx.o(.text)
    TAMP_STAMP_IRQHandler                    0x0800020f   Thumb Code     0  startup_stm32f723xx.o(.text)
    TIM1_BRK_TIM9_IRQHandler                 0x0800020f   Thumb Code     0  startup_stm32f723xx.o(.text)
    TIM1_CC_IRQHandler                       0x0800020f   Thumb Code     0  startup_stm32f723xx.o(.text)
    TIM1_TRG_COM_TIM11_IRQHandler            0x0800020f   Thumb Code     0  startup_stm32f723xx.o(.text)
    TIM1_UP_TIM10_IRQHandler                 0x0800020f   Thumb Code     0  startup_stm32f723xx.o(.text)
    TIM2_IRQHandler                          0x0800020f   Thumb Code     0  startup_stm32f723xx.o(.text)
    TIM3_IRQHandler                          0x0800020f   Thumb Code     0  startup_stm32f723xx.o(.text)
    TIM4_IRQHandler                          0x0800020f   Thumb Code     0  startup_stm32f723xx.o(.text)
    TIM5_IRQHandler                          0x0800020f   Thumb Code     0  startup_stm32f723xx.o(.text)
    TIM6_DAC_IRQHandler                      0x0800020f   Thumb Code     0  startup_stm32f723xx.o(.text)
    TIM7_IRQHandler                          0x0800020f   Thumb Code     0  startup_stm32f723xx.o(.text)
    TIM8_BRK_TIM12_IRQHandler                0x0800020f   Thumb Code     0  startup_stm32f723xx.o(.text)
    TIM8_CC_IRQHandler                       0x0800020f   Thumb Code     0  startup_stm32f723xx.o(.text)
    TIM8_TRG_COM_TIM14_IRQHandler            0x0800020f   Thumb Code     0  startup_stm32f723xx.o(.text)
    TIM8_UP_TIM13_IRQHandler                 0x0800020f   Thumb Code     0  startup_stm32f723xx.o(.text)
    UART4_IRQHandler                         0x0800020f   Thumb Code     0  startup_stm32f723xx.o(.text)
    UART5_IRQHandler                         0x0800020f   Thumb Code     0  startup_stm32f723xx.o(.text)
    UART7_IRQHandler                         0x0800020f   Thumb Code     0  startup_stm32f723xx.o(.text)
    UART8_IRQHandler                         0x0800020f   Thumb Code     0  startup_stm32f723xx.o(.text)
    USART1_IRQHandler                        0x0800020f   Thumb Code     0  startup_stm32f723xx.o(.text)
    USART2_IRQHandler                        0x0800020f   Thumb Code     0  startup_stm32f723xx.o(.text)
    USART3_IRQHandler                        0x0800020f   Thumb Code     0  startup_stm32f723xx.o(.text)
    USART6_IRQHandler                        0x0800020f   Thumb Code     0  startup_stm32f723xx.o(.text)
    WWDG_IRQHandler                          0x0800020f   Thumb Code     0  startup_stm32f723xx.o(.text)
    __scatterload                            0x08000219   Thumb Code    28  init.o(.text)
    __scatterload_rt2                        0x08000219   Thumb Code     0  init.o(.text)
    BSP_LED_Init                             0x0800023d   Thumb Code    82  stm32f723e_discovery.o(i.BSP_LED_Init)
    BSP_LED_Off                              0x08000299   Thumb Code    22  stm32f723e_discovery.o(i.BSP_LED_Off)
    BSP_LED_On                               0x080002b5   Thumb Code    22  stm32f723e_discovery.o(i.BSP_LED_On)
    BSP_LED_Toggle                           0x080002d1   Thumb Code    20  stm32f723e_discovery.o(i.BSP_LED_Toggle)
    BSP_PB_Init                              0x080002e9   Thumb Code   122  stm32f723e_discovery.o(i.BSP_PB_Init)
    BusFault_Handler                         0x08000375   Thumb Code     2  stm32f7xx_it.o(i.BusFault_Handler)
    DebugMon_Handler                         0x080003f5   Thumb Code     2  stm32f7xx_it.o(i.DebugMon_Handler)
    EXTI0_IRQHandler                         0x080003f7   Thumb Code     6  stm32f7xx_it.o(i.EXTI0_IRQHandler)
    HAL_Delay                                0x08000415   Thumb Code    22  stm32f7xx_hal.o(i.HAL_Delay)
    HAL_GPIO_DeInit                          0x0800042d   Thumb Code   270  stm32f7xx_hal_gpio.o(i.HAL_GPIO_DeInit)
    HAL_GPIO_EXTI_Callback                   0x08000565   Thumb Code    10  main.o(i.HAL_GPIO_EXTI_Callback)
    HAL_GPIO_EXTI_IRQHandler                 0x08000575   Thumb Code    18  stm32f7xx_hal_gpio.o(i.HAL_GPIO_EXTI_IRQHandler)
    HAL_GPIO_Init                            0x0800058d   Thumb Code   398  stm32f7xx_hal_gpio.o(i.HAL_GPIO_Init)
    HAL_GPIO_TogglePin                       0x08000749   Thumb Code     8  stm32f7xx_hal_gpio.o(i.HAL_GPIO_TogglePin)
    HAL_GPIO_WritePin                        0x08000751   Thumb Code    10  stm32f7xx_hal_gpio.o(i.HAL_GPIO_WritePin)
    HAL_GetTick                              0x0800075d   Thumb Code     6  stm32f7xx_hal.o(i.HAL_GetTick)
    HAL_IncTick                              0x08000769   Thumb Code    10  stm32f7xx_hal.o(i.HAL_IncTick)
    HAL_Init                                 0x08000779   Thumb Code    32  stm32f7xx_hal.o(i.HAL_Init)
    HAL_InitTick                             0x0800079d   Thumb Code    34  stm32f7xx_hal.o(i.HAL_InitTick)
    HAL_MspInit                              0x080007c5   Thumb Code     2  stm32f7xx_hal.o(i.HAL_MspInit)
    HAL_NVIC_EnableIRQ                       0x080007c7   Thumb Code    26  stm32f7xx_hal_cortex.o(i.HAL_NVIC_EnableIRQ)
    HAL_NVIC_SetPriority                     0x080007e1   Thumb Code    60  stm32f7xx_hal_cortex.o(i.HAL_NVIC_SetPriority)
    HAL_NVIC_SetPriorityGrouping             0x08000821   Thumb Code    28  stm32f7xx_hal_cortex.o(i.HAL_NVIC_SetPriorityGrouping)
    HAL_PWREx_EnableOverDrive                0x08000845   Thumb Code   100  stm32f7xx_hal_pwr_ex.o(i.HAL_PWREx_EnableOverDrive)
    HAL_RCC_ClockConfig                      0x080008b1   Thumb Code   338  stm32f7xx_hal_rcc.o(i.HAL_RCC_ClockConfig)
    HAL_RCC_GetPCLK1Freq                     0x08000a15   Thumb Code    34  stm32f7xx_hal_rcc.o(i.HAL_RCC_GetPCLK1Freq)
    HAL_RCC_GetPCLK2Freq                     0x08000a45   Thumb Code    34  stm32f7xx_hal_rcc.o(i.HAL_RCC_GetPCLK2Freq)
    HAL_RCC_GetSysClockFreq                  0x08000a75   Thumb Code   120  stm32f7xx_hal_rcc.o(i.HAL_RCC_GetSysClockFreq)
    HAL_RCC_OscConfig                        0x08000af9   Thumb Code   850  stm32f7xx_hal_rcc.o(i.HAL_RCC_OscConfig)
    HAL_SYSTICK_Config                       0x08000e55   Thumb Code    38  stm32f7xx_hal_cortex.o(i.HAL_SYSTICK_Config)
    HAL_UART_DeInit                          0x08000e7b   Thumb Code    64  stm32f7xx_hal_uart.o(i.HAL_UART_DeInit)
    HAL_UART_Init                            0x08000ebb   Thumb Code   106  stm32f7xx_hal_uart.o(i.HAL_UART_Init)
    HAL_UART_MspDeInit                       0x08000f25   Thumb Code    42  stm32f7xx_hal_msp.o(i.HAL_UART_MspDeInit)
    HAL_UART_MspInit                         0x08000f59   Thumb Code   104  stm32f7xx_hal_msp.o(i.HAL_UART_MspInit)
    HAL_UART_Receive                         0x08000fc9   Thumb Code   232  stm32f7xx_hal_uart.o(i.HAL_UART_Receive)
    HAL_UART_Transmit                        0x080010b1   Thumb Code   182  stm32f7xx_hal_uart.o(i.HAL_UART_Transmit)
    HardFault_Handler                        0x08001167   Thumb Code     2  stm32f7xx_it.o(i.HardFault_Handler)
    MemManage_Handler                        0x08001169   Thumb Code     2  stm32f7xx_it.o(i.MemManage_Handler)
    NMI_Handler                              0x0800116b   Thumb Code     2  stm32f7xx_it.o(i.NMI_Handler)
    PendSV_Handler                           0x0800116d   Thumb Code     2  stm32f7xx_it.o(i.PendSV_Handler)
    SVC_Handler                              0x0800116f   Thumb Code     2  stm32f7xx_it.o(i.SVC_Handler)
    SysTick_Handler                          0x08001171   Thumb Code     4  stm32f7xx_it.o(i.SysTick_Handler)
    SystemClock_Config                       0x08001175   Thumb Code    96  main.o(i.SystemClock_Config)
    SystemInit                               0x080011d5   Thumb Code    68  system_stm32f7xx.o(i.SystemInit)
    UART_AdvFeatureConfig                    0x08001229   Thumb Code   200  stm32f7xx_hal_uart.o(i.UART_AdvFeatureConfig)
    UART_CheckIdleState                      0x080012f1   Thumb Code    64  stm32f7xx_hal_uart.o(i.UART_CheckIdleState)
    UART_SetConfig                           0x08001331   Thumb Code   550  stm32f7xx_hal_uart.o(i.UART_SetConfig)
    UART_WaitOnFlagUntilTimeout              0x08001589   Thumb Code   100  stm32f7xx_hal_uart.o(i.UART_WaitOnFlagUntilTimeout)
    UsageFault_Handler                       0x080015ed   Thumb Code     2  stm32f7xx_it.o(i.UsageFault_Handler)
    __scatterload_copy                       0x08001611   Thumb Code    14  handlers.o(i.__scatterload_copy)
    __scatterload_null                       0x0800161f   Thumb Code     2  handlers.o(i.__scatterload_null)
    __scatterload_zeroinit                   0x08001621   Thumb Code    14  handlers.o(i.__scatterload_zeroinit)
    main                                     0x08001631   Thumb Code   192  main.o(i.main)
    BUTTON_PIN                               0x080016fc   Data           2  stm32f723e_discovery.o(.constdata)
    BUTTON_IRQn                              0x080016fe   Data           2  stm32f723e_discovery.o(.constdata)
    COM_TX_PIN                               0x08001700   Data           2  stm32f723e_discovery.o(.constdata)
    COM_RX_PIN                               0x08001702   Data           2  stm32f723e_discovery.o(.constdata)
    COM_TX_AF                                0x08001704   Data           2  stm32f723e_discovery.o(.constdata)
    COM_RX_AF                                0x08001706   Data           2  stm32f723e_discovery.o(.constdata)
    AHBPrescTable                            0x08001708   Data          16  system_stm32f7xx.o(.constdata)
    APBPrescTable                            0x08001718   Data           8  system_stm32f7xx.o(.constdata)
    Region$$Table$$Base                      0x08001720   Number         0  anon$$obj.o(Region$$Table)
    Region$$Table$$Limit                     0x08001740   Number         0  anon$$obj.o(Region$$Table)
    uwTick                                   0x20000000   Data           4  stm32f7xx_hal.o(.data)
    UserButtonStatus                         0x20000004   Data           4  main.o(.data)
    aTxBuffer                                0x20000008   Data         112  main.o(.data)
    BUTTON_PORT                              0x20000078   Data           4  stm32f723e_discovery.o(.data)
    COM_USART                                0x2000007c   Data           4  stm32f723e_discovery.o(.data)
    COM_TX_PORT                              0x20000080   Data           4  stm32f723e_discovery.o(.data)
    COM_RX_PORT                              0x20000084   Data           4  stm32f723e_discovery.o(.data)
    GPIO_PIN                                 0x20000088   Data           8  stm32f723e_discovery.o(.data)
    GPIO_PORT                                0x20000090   Data           8  stm32f723e_discovery.o(.data)
    SystemCoreClock                          0x20000098   Data           4  system_stm32f7xx.o(.data)
    UartHandle                               0x2000009c   Data         112  main.o(.bss)
    aRxBuffer                                0x2000010c   Data         111  main.o(.bss)
    __initial_sp                             0x20000580   Data           0  startup_stm32f723xx.o(STACK)



==============================================================================

Memory Map of the image

  Image Entry point : 0x080001e1

  Load Region LR_IROM1 (Base: 0x08000000, Size: 0x000017dc, Max: 0x00080000, ABSOLUTE)

    Execution Region ER_IROM1 (Base: 0x08000000, Size: 0x00001740, Max: 0x00080000, ABSOLUTE)

    Base Addr    Size         Type   Attr      Idx    E Section Name        Object

    0x08000000   0x000001e0   Data   RO         2384    RESET               startup_stm32f723xx.o
    0x080001e0   0x00000000   Code   RO         2427  * .ARM.Collect$$$$00000000  mc_w.l(entry.o)
    0x080001e0   0x00000004   Code   RO         2430    .ARM.Collect$$$$00000001  mc_w.l(entry2.o)
    0x080001e4   0x00000004   Code   RO         2433    .ARM.Collect$$$$00000004  mc_w.l(entry5.o)
    0x080001e8   0x00000000   Code   RO         2435    .ARM.Collect$$$$00000008  mc_w.l(entry7b.o)
    0x080001e8   0x00000000   Code   RO         2437    .ARM.Collect$$$$0000000A  mc_w.l(entry8b.o)
    0x080001e8   0x00000008   Code   RO         2438    .ARM.Collect$$$$0000000B  mc_w.l(entry9a.o)
    0x080001f0   0x00000000   Code   RO         2440    .ARM.Collect$$$$0000000D  mc_w.l(entry10a.o)
    0x080001f0   0x00000000   Code   RO         2442    .ARM.Collect$$$$0000000F  mc_w.l(entry11a.o)
    0x080001f0   0x00000004   Code   RO         2431    .ARM.Collect$$$$00002712  mc_w.l(entry2.o)
    0x080001f4   0x00000024   Code   RO         2385    .text               startup_stm32f723xx.o
    0x08000218   0x00000024   Code   RO         2444    .text               mc_w.l(init.o)
    0x0800023c   0x0000005c   Code   RO         2163    i.BSP_LED_Init      stm32f723e_discovery.o
    0x08000298   0x0000001c   Code   RO         2164    i.BSP_LED_Off       stm32f723e_discovery.o
    0x080002b4   0x0000001c   Code   RO         2165    i.BSP_LED_On        stm32f723e_discovery.o
    0x080002d0   0x00000018   Code   RO         2166    i.BSP_LED_Toggle    stm32f723e_discovery.o
    0x080002e8   0x0000008c   Code   RO         2169    i.BSP_PB_Init       stm32f723e_discovery.o
    0x08000374   0x00000002   Code   RO         2043    i.BusFault_Handler  stm32f7xx_it.o
    0x08000376   0x00000002   PAD
    0x08000378   0x0000007c   Code   RO         1977    i.CPU_CACHE_Enable  main.o
    0x080003f4   0x00000002   Code   RO         2044    i.DebugMon_Handler  stm32f7xx_it.o
    0x080003f6   0x00000006   Code   RO         2045    i.EXTI0_IRQHandler  stm32f7xx_it.o
    0x080003fc   0x00000018   Code   RO         1978    i.Error_Handler     main.o
    0x08000414   0x00000016   Code   RO         1597    i.HAL_Delay         stm32f7xx_hal.o
    0x0800042a   0x00000002   PAD
    0x0800042c   0x00000138   Code   RO         1791    i.HAL_GPIO_DeInit   stm32f7xx_hal_gpio.o
    0x08000564   0x00000010   Code   RO         1979    i.HAL_GPIO_EXTI_Callback  main.o
    0x08000574   0x00000018   Code   RO         1793    i.HAL_GPIO_EXTI_IRQHandler  stm32f7xx_hal_gpio.o
    0x0800058c   0x000001bc   Code   RO         1794    i.HAL_GPIO_Init     stm32f7xx_hal_gpio.o
    0x08000748   0x00000008   Code   RO         1797    i.HAL_GPIO_TogglePin  stm32f7xx_hal_gpio.o
    0x08000750   0x0000000a   Code   RO         1798    i.HAL_GPIO_WritePin  stm32f7xx_hal_gpio.o
    0x0800075a   0x00000002   PAD
    0x0800075c   0x0000000c   Code   RO         1605    i.HAL_GetTick       stm32f7xx_hal.o
    0x08000768   0x00000010   Code   RO         1606    i.HAL_IncTick       stm32f7xx_hal.o
    0x08000778   0x00000024   Code   RO         1607    i.HAL_Init          stm32f7xx_hal.o
    0x0800079c   0x00000028   Code   RO         1608    i.HAL_InitTick      stm32f7xx_hal.o
    0x080007c4   0x00000002   Code   RO         1610    i.HAL_MspInit       stm32f7xx_hal.o
    0x080007c6   0x0000001a   Code   RO            9    i.HAL_NVIC_EnableIRQ  stm32f7xx_hal_cortex.o
    0x080007e0   0x00000040   Code   RO           15    i.HAL_NVIC_SetPriority  stm32f7xx_hal_cortex.o
    0x08000820   0x00000024   Code   RO           16    i.HAL_NVIC_SetPriorityGrouping  stm32f7xx_hal_cortex.o
    0x08000844   0x0000006c   Code   RO          920    i.HAL_PWREx_EnableOverDrive  stm32f7xx_hal_pwr_ex.o
    0x080008b0   0x00000164   Code   RO          703    i.HAL_RCC_ClockConfig  stm32f7xx_hal_rcc.o
    0x08000a14   0x00000030   Code   RO          710    i.HAL_RCC_GetPCLK1Freq  stm32f7xx_hal_rcc.o
    0x08000a44   0x00000030   Code   RO          711    i.HAL_RCC_GetPCLK2Freq  stm32f7xx_hal_rcc.o
    0x08000a74   0x00000084   Code   RO          712    i.HAL_RCC_GetSysClockFreq  stm32f7xx_hal_rcc.o
    0x08000af8   0x0000035c   Code   RO          715    i.HAL_RCC_OscConfig  stm32f7xx_hal_rcc.o
    0x08000e54   0x00000026   Code   RO           20    i.HAL_SYSTICK_Config  stm32f7xx_hal_cortex.o
    0x08000e7a   0x00000040   Code   RO          437    i.HAL_UART_DeInit   stm32f7xx_hal_uart.o
    0x08000eba   0x0000006a   Code   RO          442    i.HAL_UART_Init     stm32f7xx_hal_uart.o
    0x08000f24   0x00000034   Code   RO         2124    i.HAL_UART_MspDeInit  stm32f7xx_hal_msp.o
    0x08000f58   0x00000070   Code   RO         2125    i.HAL_UART_MspInit  stm32f7xx_hal_msp.o
    0x08000fc8   0x000000e8   Code   RO          445    i.HAL_UART_Receive  stm32f7xx_hal_uart.o
    0x080010b0   0x000000b6   Code   RO          450    i.HAL_UART_Transmit  stm32f7xx_hal_uart.o
    0x08001166   0x00000002   Code   RO         2046    i.HardFault_Handler  stm32f7xx_it.o
    0x08001168   0x00000002   Code   RO         2047    i.MemManage_Handler  stm32f7xx_it.o
    0x0800116a   0x00000002   Code   RO         2048    i.NMI_Handler       stm32f7xx_it.o
    0x0800116c   0x00000002   Code   RO         2049    i.PendSV_Handler    stm32f7xx_it.o
    0x0800116e   0x00000002   Code   RO         2050    i.SVC_Handler       stm32f7xx_it.o
    0x08001170   0x00000004   Code   RO         2051    i.SysTick_Handler   stm32f7xx_it.o
    0x08001174   0x00000060   Code   RO         1981    i.SystemClock_Config  main.o
    0x080011d4   0x00000054   Code   RO         2393    i.SystemInit        system_stm32f7xx.o
    0x08001228   0x000000c8   Code   RO          455    i.UART_AdvFeatureConfig  stm32f7xx_hal_uart.o
    0x080012f0   0x00000040   Code   RO          456    i.UART_CheckIdleState  stm32f7xx_hal_uart.o
    0x08001330   0x00000258   Code   RO          466    i.UART_SetConfig    stm32f7xx_hal_uart.o
    0x08001588   0x00000064   Code   RO          467    i.UART_WaitOnFlagUntilTimeout  stm32f7xx_hal_uart.o
    0x080015ec   0x00000002   Code   RO         2052    i.UsageFault_Handler  stm32f7xx_it.o
    0x080015ee   0x00000022   Code   RO           22    i.__NVIC_SetPriority  stm32f7xx_hal_cortex.o
    0x08001610   0x0000000e   Code   RO         2448    i.__scatterload_copy  mc_w.l(handlers.o)
    0x0800161e   0x00000002   Code   RO         2449    i.__scatterload_null  mc_w.l(handlers.o)
    0x08001620   0x0000000e   Code   RO         2450    i.__scatterload_zeroinit  mc_w.l(handlers.o)
    0x0800162e   0x00000002   PAD
    0x08001630   0x000000cc   Code   RO         1982    i.main              main.o
    0x080016fc   0x0000000c   Data   RO         2191    .constdata          stm32f723e_discovery.o
    0x08001708   0x00000010   Data   RO         2394    .constdata          system_stm32f7xx.o
    0x08001718   0x00000008   Data   RO         2395    .constdata          system_stm32f7xx.o
    0x08001720   0x00000020   Data   RO         2446    Region$$Table       anon$$obj.o


    Execution Region RW_IRAM1 (Base: 0x20000000, Size: 0x00000580, Max: 0x00040000, ABSOLUTE)

    Base Addr    Size         Type   Attr      Idx    E Section Name        Object

    0x20000000   0x00000004   Data   RW         1613    .data               stm32f7xx_hal.o
    0x20000004   0x00000074   Data   RW         1984    .data               main.o
    0x20000078   0x00000020   Data   RW         2192    .data               stm32f723e_discovery.o
    0x20000098   0x00000004   Data   RW         2396    .data               system_stm32f7xx.o
    0x2000009c   0x000000df   Zero   RW         1983    .bss                main.o
    0x2000017b   0x00000005   PAD
    0x20000180   0x00000400   Zero   RW         2382    STACK               startup_stm32f723xx.o


==============================================================================

Image component sizes


      Code (inc. data)   RO Data    RW Data    ZI Data      Debug   Object Name

       464         26          0        116        223      45038   main.o
        36          8        480          0       1024        860   startup_stm32f723xx.o
       312         44         12         32          0       5945   stm32f723e_discovery.o
       128         22          0          4          0       4985   stm32f7xx_hal.o
       198         12          0          0          0     743083   stm32f7xx_hal_cortex.o
       798         94          0          0          0       5314   stm32f7xx_hal_gpio.o
       164         18          0          0          0       1688   stm32f7xx_hal_msp.o
       108          8          0          0          0       1456   stm32f7xx_hal_pwr_ex.o
      1444         68          0          0          0       5740   stm32f7xx_hal_rcc.o
      1548         70          0          0          0       8874   stm32f7xx_hal_uart.o
        26          0          0          0          0       5125   stm32f7xx_it.o
        84         16         24          4          0       1411   system_stm32f7xx.o

    ----------------------------------------------------------------------
      5316        386        548        156       1252     829519   Object Totals
         0          0         32          0          0          0   (incl. Generated)
         6          0          0          0          5          0   (incl. Padding)

    ----------------------------------------------------------------------

      Code (inc. data)   RO Data    RW Data    ZI Data      Debug   Library Member Name

         0          0          0          0          0          0   entry.o
         0          0          0          0          0          0   entry10a.o
         0          0          0          0          0          0   entry11a.o
         8          4          0          0          0          0   entry2.o
         4          0          0          0          0          0   entry5.o
         0          0          0          0          0          0   entry7b.o
         0          0          0          0          0          0   entry8b.o
         8          4          0          0          0          0   entry9a.o
        30          0          0          0          0          0   handlers.o
        36          8          0          0          0         68   init.o

    ----------------------------------------------------------------------
        88         16          0          0          0         68   Library Totals
         2          0          0          0          0          0   (incl. Padding)

    ----------------------------------------------------------------------

      Code (inc. data)   RO Data    RW Data    ZI Data      Debug   Library Name

        86         16          0          0          0         68   mc_w.l

    ----------------------------------------------------------------------
        88         16          0          0          0         68   Library Totals

    ----------------------------------------------------------------------

==============================================================================


      Code (inc. data)   RO Data    RW Data    ZI Data      Debug   

      5404        402        548        156       1252     825091   Grand Totals
      5404        402        548        156       1252     825091   ELF Image Totals
      5404        402        548        156          0          0   ROM Totals

==============================================================================

    Total RO  Size (Code + RO Data)                 5952 (   5.81kB)
    Total RW  Size (RW Data + ZI Data)              1408 (   1.38kB)
    Total ROM Size (Code + RO Data + RW Data)       6108 (   5.96kB)

==============================================================================

